../../Drivers/STM32WLxx_HAL_Driver/Inc/stm32wlxx_ll_rcc.h:1971:22:LL_RCC_SetClkAfterWakeFromStop	16	static
../Core/Src/sys_app.c:105:6:SystemApp_Init	8	static
../Core/Src/sys_app.c:157:6:Process_Sys_Notif	24	static
../Core/Src/sys_app.c:197:6:UTIL_SEQ_EvtIdle	16	static
../Core/Src/sys_app.c:216:6:UTIL_SEQ_Idle	8	static
../Core/Src/sys_app.c:227:9:GetBatteryLevel	16	static
../Core/Src/sys_app.c:259:9:GetTemperatureLevel	40	static
../Core/Src/sys_app.c:278:13:MBMUXIF_Init	16	static
../Core/Src/sys_app.c:341:13:TimestampNow	32	static
../Core/Src/sys_app.c:355:6:UTIL_ADV_TRACE_PreSendHook	8	static
../Core/Src/sys_app.c:366:6:UTIL_ADV_TRACE_PostSendHook	8	static
../Core/Src/sys_app.c:377:13:tiny_snprintf_like	24	static
../Core/Src/sys_app.c:400:10:HAL_GetTick	16	static
../Core/Src/sys_app.c:431:6:HAL_Delay	16	static
