../../Drivers/STM32WLxx_HAL_Driver/Inc/stm32wlxx_ll_rtc.h:1526:26:LL_RTC_TIME_GetSubSecond	16	static
../Core/Src/timer_if.c:161:21:TIMER_IF_Init	16	static
../Core/Src/timer_if.c:175:21:TIMER_IF_StartTimer	64	static
../Core/Src/timer_if.c:203:21:TIMER_IF_StopTimer	16	static
../Core/Src/timer_if.c:219:10:TIMER_IF_SetTimerContext	8	static
../Core/Src/timer_if.c:233:10:TIMER_IF_GetTimerContext	4	static
../Core/Src/timer_if.c:244:10:TIMER_IF_GetTimerElapsedTime	16	static
../Core/Src/timer_if.c:257:10:TIMER_IF_GetTimerValue	16	static
../Core/Src/timer_if.c:273:10:TIMER_IF_GetMinimumTimeout	16	static
../Core/Src/timer_if.c:286:10:TIMER_IF_Convert_ms2Tick	32	static
../Core/Src/timer_if.c:299:10:TIMER_IF_Convert_Tick2ms	48	static
../Core/Src/timer_if.c:312:6:TIMER_IF_DelayMs	24	static,ignoring_inline_asm
../Core/Src/timer_if.c:330:10:TIMER_IF_GetTime	80	static
../Core/Src/timer_if.c:354:6:TIMER_IF_BkUp_Write_Seconds	16	static
../Core/Src/timer_if.c:365:6:TIMER_IF_BkUp_Write_SubSeconds	16	static
../Core/Src/timer_if.c:376:10:TIMER_IF_BkUp_Read_Seconds	16	static
../Core/Src/timer_if.c:389:10:TIMER_IF_BkUp_Read_SubSeconds	16	static
../Core/Src/timer_if.c:407:17:TIMER_IF_BkUp_Read_MSBticks	16	static
../Core/Src/timer_if.c:420:24:GetTimerTicks	16	static
