../../Drivers/STM32WLxx_HAL_Driver/Inc/stm32wlxx_ll_rcc.h:1257:22:LL_RCC_LSE_SetDriveCapability	16	static
../../Drivers/STM32WLxx_HAL_Driver/Inc/stm32wlxx_ll_bus.h:449:22:LL_AHB2_GRP1_EnableClock	24	static
../Core/Src/main.c:69:5:main	272	static
../Core/Src/main.c:147:6:SystemClock_Config	112	static
../Core/Src/main.c:197:6:MX_IPCC_Init	8	static
../Core/Src/main.c:223:6:MX_USART1_UART_Init	8	static
../Core/Src/main.c:271:6:MX_GPIO_Init	8	static
../Core/Src/main.c:292:6:Error_Handler	4	static,ignoring_inline_asm
