Archive member included to satisfy reference by file (symbol)

C:/ST/STM32CubeIDE_1.16.0/STM32CubeIDE/plugins/com.st.stm32cube.ide.mcu.externaltools.gnu-tools-for-stm32.12.3.rel1.win32_1.0.200.202406191623/tools/bin/../lib/gcc/arm-none-eabi/12.3.1/../../../../arm-none-eabi/lib/thumb/v7e-m/nofp\libc_nano.a(libc_a-exit.o)
                              C:/ST/STM32CubeIDE_1.16.0/STM32CubeIDE/plugins/com.st.stm32cube.ide.mcu.externaltools.gnu-tools-for-stm32.12.3.rel1.win32_1.0.200.202406191623/tools/bin/../lib/gcc/arm-none-eabi/12.3.1/../../../../arm-none-eabi/lib/thumb/v7e-m/nofp/crt0.o (exit)
C:/ST/STM32CubeIDE_1.16.0/STM32CubeIDE/plugins/com.st.stm32cube.ide.mcu.externaltools.gnu-tools-for-stm32.12.3.rel1.win32_1.0.200.202406191623/tools/bin/../lib/gcc/arm-none-eabi/12.3.1/../../../../arm-none-eabi/lib/thumb/v7e-m/nofp\libc_nano.a(libc_a-findfp.o)
                              C:/ST/STM32CubeIDE_1.16.0/STM32CubeIDE/plugins/com.st.stm32cube.ide.mcu.externaltools.gnu-tools-for-stm32.12.3.rel1.win32_1.0.200.202406191623/tools/bin/../lib/gcc/arm-none-eabi/12.3.1/../../../../arm-none-eabi/lib/thumb/v7e-m/nofp\libc_nano.a(libc_a-exit.o) (__stdio_exit_handler)
C:/ST/STM32CubeIDE_1.16.0/STM32CubeIDE/plugins/com.st.stm32cube.ide.mcu.externaltools.gnu-tools-for-stm32.12.3.rel1.win32_1.0.200.202406191623/tools/bin/../lib/gcc/arm-none-eabi/12.3.1/../../../../arm-none-eabi/lib/thumb/v7e-m/nofp\libc_nano.a(libc_a-fwalk.o)
                              C:/ST/STM32CubeIDE_1.16.0/STM32CubeIDE/plugins/com.st.stm32cube.ide.mcu.externaltools.gnu-tools-for-stm32.12.3.rel1.win32_1.0.200.202406191623/tools/bin/../lib/gcc/arm-none-eabi/12.3.1/../../../../arm-none-eabi/lib/thumb/v7e-m/nofp\libc_nano.a(libc_a-findfp.o) (_fwalk_sglue)
C:/ST/STM32CubeIDE_1.16.0/STM32CubeIDE/plugins/com.st.stm32cube.ide.mcu.externaltools.gnu-tools-for-stm32.12.3.rel1.win32_1.0.200.202406191623/tools/bin/../lib/gcc/arm-none-eabi/12.3.1/../../../../arm-none-eabi/lib/thumb/v7e-m/nofp\libc_nano.a(libc_a-stdio.o)
                              C:/ST/STM32CubeIDE_1.16.0/STM32CubeIDE/plugins/com.st.stm32cube.ide.mcu.externaltools.gnu-tools-for-stm32.12.3.rel1.win32_1.0.200.202406191623/tools/bin/../lib/gcc/arm-none-eabi/12.3.1/../../../../arm-none-eabi/lib/thumb/v7e-m/nofp\libc_nano.a(libc_a-findfp.o) (__sread)
C:/ST/STM32CubeIDE_1.16.0/STM32CubeIDE/plugins/com.st.stm32cube.ide.mcu.externaltools.gnu-tools-for-stm32.12.3.rel1.win32_1.0.200.202406191623/tools/bin/../lib/gcc/arm-none-eabi/12.3.1/../../../../arm-none-eabi/lib/thumb/v7e-m/nofp\libc_nano.a(libc_a-memset.o)
                              C:/ST/STM32CubeIDE_1.16.0/STM32CubeIDE/plugins/com.st.stm32cube.ide.mcu.externaltools.gnu-tools-for-stm32.12.3.rel1.win32_1.0.200.202406191623/tools/bin/../lib/gcc/arm-none-eabi/12.3.1/../../../../arm-none-eabi/lib/thumb/v7e-m/nofp/crt0.o (memset)
C:/ST/STM32CubeIDE_1.16.0/STM32CubeIDE/plugins/com.st.stm32cube.ide.mcu.externaltools.gnu-tools-for-stm32.12.3.rel1.win32_1.0.200.202406191623/tools/bin/../lib/gcc/arm-none-eabi/12.3.1/../../../../arm-none-eabi/lib/thumb/v7e-m/nofp\libc_nano.a(libc_a-closer.o)
                              C:/ST/STM32CubeIDE_1.16.0/STM32CubeIDE/plugins/com.st.stm32cube.ide.mcu.externaltools.gnu-tools-for-stm32.12.3.rel1.win32_1.0.200.202406191623/tools/bin/../lib/gcc/arm-none-eabi/12.3.1/../../../../arm-none-eabi/lib/thumb/v7e-m/nofp\libc_nano.a(libc_a-stdio.o) (_close_r)
C:/ST/STM32CubeIDE_1.16.0/STM32CubeIDE/plugins/com.st.stm32cube.ide.mcu.externaltools.gnu-tools-for-stm32.12.3.rel1.win32_1.0.200.202406191623/tools/bin/../lib/gcc/arm-none-eabi/12.3.1/../../../../arm-none-eabi/lib/thumb/v7e-m/nofp\libc_nano.a(libc_a-reent.o)
                              C:/ST/STM32CubeIDE_1.16.0/STM32CubeIDE/plugins/com.st.stm32cube.ide.mcu.externaltools.gnu-tools-for-stm32.12.3.rel1.win32_1.0.200.202406191623/tools/bin/../lib/gcc/arm-none-eabi/12.3.1/../../../../arm-none-eabi/lib/thumb/v7e-m/nofp\libc_nano.a(libc_a-closer.o) (errno)
C:/ST/STM32CubeIDE_1.16.0/STM32CubeIDE/plugins/com.st.stm32cube.ide.mcu.externaltools.gnu-tools-for-stm32.12.3.rel1.win32_1.0.200.202406191623/tools/bin/../lib/gcc/arm-none-eabi/12.3.1/../../../../arm-none-eabi/lib/thumb/v7e-m/nofp\libc_nano.a(libc_a-impure.o)
                              C:/ST/STM32CubeIDE_1.16.0/STM32CubeIDE/plugins/com.st.stm32cube.ide.mcu.externaltools.gnu-tools-for-stm32.12.3.rel1.win32_1.0.200.202406191623/tools/bin/../lib/gcc/arm-none-eabi/12.3.1/../../../../arm-none-eabi/lib/thumb/v7e-m/nofp\libc_nano.a(libc_a-reent.o) (_impure_ptr)
C:/ST/STM32CubeIDE_1.16.0/STM32CubeIDE/plugins/com.st.stm32cube.ide.mcu.externaltools.gnu-tools-for-stm32.12.3.rel1.win32_1.0.200.202406191623/tools/bin/../lib/gcc/arm-none-eabi/12.3.1/../../../../arm-none-eabi/lib/thumb/v7e-m/nofp\libc_nano.a(libc_a-lseekr.o)
[...]
Memory Configuration

Name             Origin             Length             Attributes
RAM              0x20000000         0x00008000         xrw
FLASH            0x08000000         0x00020000         xr
*default*        0x00000000         0xffffffff

Linker script and memory map

LOAD C:/ST/STM32CubeIDE_1.16.0/STM32CubeIDE/plugins/com.st.stm32cube.ide.mcu.externaltools.gnu-tools-for-stm32.12.3.rel1.win32_1.0.200.202406191623/tools/bin/../lib/gcc/arm-none-eabi/12.3.1/thumb/v7e-m/nofp/crti.o
LOAD C:/ST/STM32CubeIDE_1.16.0/STM32CubeIDE/plugins/com.st.stm32cube.ide.mcu.externaltools.gnu-tools-for-stm32.12.3.rel1.win32_1.0.200.202406191623/tools/bin/../lib/gcc/arm-none-eabi/12.3.1/thumb/v7e-m/nofp/crtbegin.o
LOAD C:/ST/STM32CubeIDE_1.16.0/STM32CubeIDE/plugins/com.st.stm32cube.ide.mcu.externaltools.gnu-tools-for-stm32.12.3.rel1.win32_1.0.200.202406191623/tools/bin/../lib/gcc/arm-none-eabi/12.3.1/../../../../arm-none-eabi/lib/thumb/v7e-m/nofp/crt0.o
LOAD ./Common/System/system_stm32wlxx.o
LOAD ./Core/Src/ipcc_if.o
LOAD ./Core/Src/main.o
LOAD ./Core/Src/stm32_lpm_if.o
LOAD ./Core/Src/stm32wlxx_hal_msp.o
LOAD ./Core/Src/stm32wlxx_it.o
LOAD ./Core/Src/sys_app.o
LOAD ./Core/Src/syscalls.o
LOAD ./Core/Src/sysmem.o
LOAD ./Core/Src/timer_if.o
LOAD ./Core/Src/usart_if.o
LOAD ./Core/Startup/startup_stm32wl55jcix.o
LOAD ./Drivers/BSP/STM32WLxx_Nucleo/stm32wlxx_nucleo.o
LOAD ./Drivers/STM32WLxx_HAL_Driver/stm32wlxx_hal.o
LOAD ./Drivers/STM32WLxx_HAL_Driver/stm32wlxx_hal_cortex.o
LOAD ./Drivers/STM32WLxx_HAL_Driver/stm32wlxx_hal_dma.o
LOAD ./Drivers/STM32WLxx_HAL_Driver/stm32wlxx_hal_dma_ex.o
LOAD ./Drivers/STM32WLxx_HAL_Driver/stm32wlxx_hal_exti.o
LOAD ./Drivers/STM32WLxx_HAL_Driver/stm32wlxx_hal_flash.o
LOAD ./Drivers/STM32WLxx_HAL_Driver/stm32wlxx_hal_flash_ex.o
LOAD ./Drivers/STM32WLxx_HAL_Driver/stm32wlxx_hal_gpio.o
LOAD ./Drivers/STM32WLxx_HAL_Driver/stm32wlxx_hal_ipcc.o
LOAD ./Drivers/STM32WLxx_HAL_Driver/stm32wlxx_hal_pwr.o
LOAD ./Drivers/STM32WLxx_HAL_Driver/stm32wlxx_hal_pwr_ex.o
LOAD ./Drivers/STM32WLxx_HAL_Driver/stm32wlxx_hal_rcc.o
LOAD ./Drivers/STM32WLxx_HAL_Driver/stm32wlxx_hal_rcc_ex.o
LOAD ./Drivers/STM32WLxx_HAL_Driver/stm32wlxx_hal_rtc.o
LOAD ./Drivers/STM32WLxx_HAL_Driver/stm32wlxx_hal_rtc_ex.o
LOAD ./Drivers/STM32WLxx_HAL_Driver/stm32wlxx_hal_tim.o
LOAD ./Drivers/STM32WLxx_HAL_Driver/stm32wlxx_hal_tim_ex.o
LOAD ./Drivers/STM32WLxx_HAL_Driver/stm32wlxx_hal_uart.o
LOAD ./Drivers/STM32WLxx_HAL_Driver/stm32wlxx_hal_uart_ex.o
LOAD ./Drivers/STM32WLxx_HAL_Driver/stm32wlxx_hal_usart.o
LOAD ./Drivers/STM32WLxx_HAL_Driver/stm32wlxx_hal_usart_ex.o
LOAD ./LoRaWAN/App/app_lorawan.o
LOAD ./LoRaWAN/App/lora_app.o
LOAD ./MbMux/LmHandler_mbwrapper.o
LOAD ./MbMux/mbmux.o
LOAD ./MbMux/mbmuxif_lora.o
LOAD ./MbMux/mbmuxif_radio.o
LOAD ./MbMux/mbmuxif_sys.o
LOAD ./MbMux/mbmuxif_trace.o
LOAD ./MbMux/radio_mbwrapper.o
LOAD ./Utilities/stm32_adv_trace.o
LOAD ./Utilities/stm32_lpm.o
LOAD ./Utilities/stm32_mem.o
LOAD ./Utilities/stm32_seq.o
LOAD ./Utilities/stm32_systime.o
LOAD ./Utilities/stm32_timer.o
LOAD ./Utilities/stm32_tiny_sscanf.o
LOAD ./Utilities/stm32_tiny_vsnprintf.o
START GROUP
LOAD C:/ST/STM32CubeIDE_1.16.0/STM32CubeIDE/plugins/com.st.stm32cube.ide.mcu.externaltools.gnu-tools-for-stm32.12.3.rel1.win32_1.0.200.202406191623/tools/bin/../lib/gcc/arm-none-eabi/12.3.1/../../../../arm-none-eabi/lib/thumb/v7e-m/nofp\libc_nano.a
LOAD C:/ST/STM32CubeIDE_1.16.0/STM32CubeIDE/plugins/com.st.stm32cube.ide.mcu.externaltools.gnu-tools-for-stm32.12.3.rel1.win32_1.0.200.202406191623/tools/bin/../lib/gcc/arm-none-eabi/12.3.1/../../../../arm-none-eabi/lib/thumb/v7e-m/nofp\libm.a
END GROUP
START GROUP
LOAD C:/ST/STM32CubeIDE_1.16.0/STM32CubeIDE/plugins/com.st.stm32cube.ide.mcu.externaltools.gnu-tools-for-stm32.12.3.rel1.win32_1.0.200.202406191623/tools/bin/../lib/gcc/arm-none-eabi/12.3.1/thumb/v7e-m/nofp\libgcc.a
LOAD C:/ST/STM32CubeIDE_1.16.0/STM32CubeIDE/plugins/com.st.stm32cube.ide.mcu.externaltools.gnu-tools-for-stm32.12.3.rel1.win32_1.0.200.202406191623/tools/bin/../lib/gcc/arm-none-eabi/12.3.1/../../../../arm-none-eabi/lib/thumb/v7e-m/nofp\libc_nano.a
END GROUP
START GROUP
LOAD C:/ST/STM32CubeIDE_1.16.0/STM32CubeIDE/plugins/com.st.stm32cube.ide.mcu.externaltools.gnu-tools-for-stm32.12.3.rel1.win32_1.0.200.202406191623/tools/bin/../lib/gcc/arm-none-eabi/12.3.1/thumb/v7e-m/nofp\libgcc.a
LOAD C:/ST/STM32CubeIDE_1.16.0/STM32CubeIDE/plugins/com.st.stm32cube.ide.mcu.externaltools.gnu-tools-for-stm32.12.3.rel1.win32_1.0.200.202406191623/tools/bin/../lib/gcc/arm-none-eabi/12.3.1/../../../../arm-none-eabi/lib/thumb/v7e-m/nofp\libc_nano.a
LOAD C:/ST/STM32CubeIDE_1.16.0/STM32CubeIDE/plugins/com.st.stm32cube.ide.mcu.externaltools.gnu-tools-for-stm32.12.3.rel1.win32_1.0.200.202406191623/tools/bin/../lib/gcc/arm-none-eabi/12.3.1/../../../../arm-none-eabi/lib/thumb/v7e-m/nofp\libnosys.a
END GROUP
START GROUP
LOAD C:/ST/STM32CubeIDE_1.16.0/STM32CubeIDE/plugins/com.st.stm32cube.ide.mcu.externaltools.gnu-tools-for-stm32.12.3.rel1.win32_1.0.200.202406191623/tools/bin/../lib/gcc/arm-none-eabi/12.3.1/thumb/v7e-m/nofp\libgcc.a
LOAD C:/ST/STM32CubeIDE_1.16.0/STM32CubeIDE/plugins/com.st.stm32cube.ide.mcu.externaltools.gnu-tools-for-stm32.12.3.rel1.win32_1.0.200.202406191623/tools/bin/../lib/gcc/arm-none-eabi/12.3.1/../../../../arm-none-eabi/lib/thumb/v7e-m/nofp\libc_nano.a
LOAD C:/ST/STM32CubeIDE_1.16.0/STM32CubeIDE/plugins/com.st.stm32cube.ide.mcu.externaltools.gnu-tools-for-stm32.12.3.rel1.win32_1.0.200.202406191623/tools/bin/../lib/gcc/arm-none-eabi/12.3.1/../../../../arm-none-eabi/lib/thumb/v7e-m/nofp\libnosys.a
END GROUP
LOAD C:/ST/STM32CubeIDE_1.16.0/STM32CubeIDE/plugins/com.st.stm32cube.ide.mcu.externaltools.gnu-tools-for-stm32.12.3.rel1.win32_1.0.200.202406191623/tools/bin/../lib/gcc/arm-none-eabi/12.3.1/thumb/v7e-m/nofp/crtend.o
LOAD C:/ST/STM32CubeIDE_1.16.0/STM32CubeIDE/plugins/com.st.stm32cube.ide.mcu.externaltools.gnu-tools-for-stm32.12.3.rel1.win32_1.0.200.202406191623/tools/bin/../lib/gcc/arm-none-eabi/12.3.1/thumb/v7e-m/nofp/crtn.o
                0x20008000                        _estack = (ORIGIN (RAM) + LENGTH (RAM))
                0x00000200                        _Min_Heap_Size = 0x200
                0x00000400                        _Min_Stack_Size = 0x400

.isr_vector     0x08000000      0x138
                0x08000000                        . = ALIGN (0x4)
 *(.isr_vector)
 .isr_vector    0x08000000      0x138 ./Core/Startup/startup_stm32wl55jcix.o
                0x08000000                g_pfnVectors
                0x08000138                        . = ALIGN (0x4)

.text           0x08000138     0x51e0
                0x08000138                        . = ALIGN (0x4)
 *(.text)
 .text          0x08000138       0x40 C:/ST/STM32CubeIDE_1.16.0/STM32CubeIDE/plugins/com.st.stm32cube.ide.mcu.externaltools.gnu-tools-for-stm32.12.3.rel1.win32_1.0.200.202406191623/tools/bin/../lib/gcc/arm-none-eabi/12.3.1/thumb/v7e-m/nofp/crtbegin.o
 .text          0x08000178       0x30 C:/ST/STM32CubeIDE_1.16.0/STM32CubeIDE/plugins/com.st.stm32cube.ide.mcu.externaltools.gnu-tools-for-stm32.12.3.rel1.win32_1.0.200.202406191623/tools/bin/../lib/gcc/arm-none-eabi/12.3.1/thumb/v7e-m/nofp\libgcc.a(_aeabi_uldivmod.o)
                0x08000178                __aeabi_uldivmod
 .text          0x080001a8      0x2bc C:/ST/STM32CubeIDE_1.16.0/STM32CubeIDE/plugins/com.st.stm32cube.ide.mcu.externaltools.gnu-tools-for-stm32.12.3.rel1.win32_1.0.200.202406191623/tools/bin/../lib/gcc/arm-none-eabi/12.3.1/thumb/v7e-m/nofp\libgcc.a(_udivmoddi4.o)
                0x080001a8                __udivmoddi4
 .text          0x08000464        0x4 C:/ST/STM32CubeIDE_1.16.0/STM32CubeIDE/plugins/com.st.stm32cube.ide.mcu.externaltools.gnu-tools-for-stm32.12.3.rel1.win32_1.0.200.202406191623/tools/bin/../lib/gcc/arm-none-eabi/12.3.1/thumb/v7e-m/nofp\libgcc.a(_dvmd_tls.o)
                0x08000464                __aeabi_idiv0
                0x08000464                __aeabi_ldiv0
 *(.text*)
 .text.SystemInit
                0x08000468        0xc ./Common/System/system_stm32wlxx.o
                0x08000468                SystemInit
 .text.LL_EXTI_EnableIT_32_63
                0x08000474       0x28 ./Core/Src/ipcc_if.o
 .text.LL_EXTI_EnableRisingTrig_32_63
                0x0800049c       0x24 ./Core/Src/ipcc_if.o
 .text.IPCC_IF_Init
                0x080004c0       0x6c ./Core/Src/ipcc_if.o
                0x080004c0                IPCC_IF_Init
 .text.IPCC_IF_CommandSnd
                0x0800052c       0x2c ./Core/Src/ipcc_if.o
                0x0800052c                IPCC_IF_CommandSnd
 .text.IPCC_IF_AcknowledgeSnd
                0x08000558       0x2c ./Core/Src/ipcc_if.o
                0x08000558                IPCC_IF_AcknowledgeSnd
 .text.IpccIfIsrTxCb
                0x08000584       0x24 ./Core/Src/ipcc_if.o
 .text.IpccIfIsrRxCb
                0x080005a8       0x24 ./Core/Src/ipcc_if.o
 .text.LL_RCC_LSE_SetDriveCapability
                0x080005cc       0x2a ./Core/Src/main.o
 .text.LL_AHB2_GRP1_EnableClock
                0x080005f6       0x30 ./Core/Src/main.o
 *fill*         0x08000626        0x2 
 .text.main     0x08000628       0xa8 ./Core/Src/main.o
                0x08000628                main
 .text.SystemClock_Config
                0x080006d0       0xb4 ./Core/Src/main.o
                0x080006d0                SystemClock_Config
 .text.MX_IPCC_Init
                0x08000784       0x28 ./Core/Src/main.o
                0x08000784                MX_IPCC_Init
 .text.MX_USART1_UART_Init
                0x080007ac       0x98 ./Core/Src/main.o
                0x080007ac                MX_USART1_UART_Init
 .text.MX_GPIO_Init
                0x08000844       0x14 ./Core/Src/main.o
                0x08000844                MX_GPIO_Init
 .text.Error_Handler
                0x08000858        0xc ./Core/Src/main.o
                0x08000858                Error_Handler
 .text.LL_AHB2_GRP1_EnableClock
                0x08000864       0x30 ./Core/Src/stm32wlxx_hal_msp.o
 .text.LL_AHB3_GRP1_EnableClock
                0x08000894       0x30 ./Core/Src/stm32wlxx_hal_msp.o
 .text.LL_APB2_GRP1_EnableClock
                0x080008c4       0x30 ./Core/Src/stm32wlxx_hal_msp.o
 .text.HAL_MspInit
                0x080008f4        0xc ./Core/Src/stm32wlxx_hal_msp.o
                0x080008f4                HAL_MspInit
 .text.HAL_IPCC_MspInit
                0x08000900       0x48 ./Core/Src/stm32wlxx_hal_msp.o
                0x08000900                HAL_IPCC_MspInit
 .text.HAL_UART_MspInit
                0x08000948       0x8c ./Core/Src/stm32wlxx_hal_msp.o
                0x08000948                HAL_UART_MspInit
 .text.NMI_Handler
                0x080009d4        0x8 ./Core/Src/stm32wlxx_it.o
                0x080009d4                NMI_Handler
 .text.HardFault_Handler
                0x080009dc        0x8 ./Core/Src/stm32wlxx_it.o
                0x080009dc                HardFault_Handler
 .text.MemManage_Handler
                0x080009e4        0x8 ./Core/Src/stm32wlxx_it.o
                0x080009e4                MemManage_Handler
 .text.BusFault_Handler
                0x080009ec        0x8 ./Core/Src/stm32wlxx_it.o
                0x080009ec                BusFault_Handler
 .text.UsageFault_Handler
                0x080009f4        0x8 ./Core/Src/stm32wlxx_it.o
                0x080009f4                UsageFault_Handler
 .text.SVC_Handler
                0x080009fc        0xc ./Core/Src/stm32wlxx_it.o
                0x080009fc                SVC_Handler
 .text.DebugMon_Handler
                0x08000a08        0xc ./Core/Src/stm32wlxx_it.o
                0x08000a08                DebugMon_Handler
 .text.PendSV_Handler
                0x08000a14        0xc ./Core/Src/stm32wlxx_it.o
                0x08000a14                PendSV_Handler
 .text.SysTick_Handler
                0x08000a20        0xc ./Core/Src/stm32wlxx_it.o
                0x08000a20                SysTick_Handler
 .text.EXTI0_IRQHandler
                0x08000a2c        0xe ./Core/Src/stm32wlxx_it.o
                0x08000a2c                EXTI0_IRQHandler
 .text.EXTI1_IRQHandler
                0x08000a3a        0xe ./Core/Src/stm32wlxx_it.o
                0x08000a3a                EXTI1_IRQHandler
 .text.EXTI9_5_IRQHandler
                0x08000a48        0xe ./Core/Src/stm32wlxx_it.o
                0x08000a48                EXTI9_5_IRQHandler
 *fill*         0x08000a56        0x2 
 .text.RTC_Alarm_IRQHandler
                0x08000a58       0x14 ./Core/Src/stm32wlxx_it.o
                0x08000a58                RTC_Alarm_IRQHandler
 .text.IPCC_C1_RX_IRQHandler
                0x08000a6c       0x14 ./Core/Src/stm32wlxx_it.o
                0x08000a6c                IPCC_C1_RX_IRQHandler
 .text.IPCC_C1_TX_IRQHandler
                0x08000a80       0x14 ./Core/Src/stm32wlxx_it.o
                0x08000a80                IPCC_C1_TX_IRQHandler
 .text.SystemApp_Init
                0x08000a94        0xc ./Core/Src/sys_app.o
                0x08000a94                SystemApp_Init
 .text.Process_Sys_Notif
                0x08000aa0       0x3a ./Core/Src/sys_app.o
                0x08000aa0                Process_Sys_Notif
 .text.UTIL_SEQ_EvtIdle
                0x08000ada       0x1c ./Core/Src/sys_app.o
                0x08000ada                UTIL_SEQ_EvtIdle
 .text.GetBatteryLevel
                0x08000af6       0x16 ./Core/Src/sys_app.o
                0x08000af6                GetBatteryLevel
 .text.GetTemperatureLevel
                0x08000b0c       0x18 ./Core/Src/sys_app.o
                0x08000b0c                GetTemperatureLevel
 .text.MBMUXIF_Init
                0x08000b24       0x5c ./Core/Src/sys_app.o
 .text.HAL_GetTick
                0x08000b80       0x28 ./Core/Src/sys_app.o
                0x08000b80                HAL_GetTick
 .text.LL_RTC_TIME_GetSubSecond
                0x08000ba8       0x16 ./Core/Src/timer_if.o
 *fill*         0x08000bbe        0x2 
 .text.TIMER_IF_GetTimerValue
                0x08000bc0       0x28 ./Core/Src/timer_if.o
                0x08000bc0                TIMER_IF_GetTimerValue
 .text.GetTimerTicks
                0x08000be8       0x38 ./Core/Src/timer_if.o
 .text.Reset_Handler
                0x08000c20       0x50 ./Core/Startup/startup_stm32wl55jcix.o
                0x08000c20                Reset_Handler
 .text.Default_Handler
                0x08000c70        0x2 ./Core/Startup/startup_stm32wl55jcix.o
                0x08000c70                EXTI2_IRQHandler
                0x08000c70                TIM1_CC_IRQHandler
                0x08000c70                EXTI3_IRQHandler
                0x08000c70                LPTIM2_IRQHandler
                0x08000c70                I2C3_ER_IRQHandler
                0x08000c70                LPTIM3_IRQHandler
                0x08000c70                I2C2_EV_IRQHandler
                0x08000c70                TAMP_STAMP_LSECSS_SSRU_IRQHandler
                0x08000c70                SPI1_IRQHandler
                0x08000c70                DMA2_Channel2_IRQHandler
                0x08000c70                DMA1_Channel4_IRQHandler
                0x08000c70                PKA_IRQHandler
                0x08000c70                TIM17_IRQHandler
                0x08000c70                DMA1_Channel7_IRQHandler
                0x08000c70                SUBGHZSPI_IRQHandler
                0x08000c70                DMA2_Channel1_IRQHandler
                0x08000c70                I2C1_EV_IRQHandler
                0x08000c70                SUBGHZ_Radio_IRQHandler
                0x08000c70                DMAMUX1_OVR_IRQHandler
                0x08000c70                DMA1_Channel6_IRQHandler
                0x08000c70                TIM16_IRQHandler
                0x08000c70                DMA2_Channel4_IRQHandler
                0x08000c70                RCC_IRQHandler
                0x08000c70                TIM1_TRG_COM_IRQHandler
                0x08000c70                DMA1_Channel1_IRQHandler
                0x08000c70                Default_Handler
                0x08000c70                DMA2_Channel7_IRQHandler
                0x08000c70                EXTI15_10_IRQHandler
                0x08000c70                ADC_IRQHandler
                0x08000c70                C2SEV_PWR_C2H_IRQHandler
                0x08000c70                I2C3_EV_IRQHandler
                0x08000c70                RTC_WKUP_IRQHandler
                0x08000c70                PVD_PVM_IRQHandler
                0x08000c70                SPI2_IRQHandler
                0x08000c70                DMA2_Channel5_IRQHandler
                0x08000c70                DMA1_Channel5_IRQHandler
                0x08000c70                EXTI4_IRQHandler
                0x08000c70                RNG_IRQHandler
                0x08000c70                DMA1_Channel3_IRQHandler
                0x08000c70                COMP_IRQHandler
                0x08000c70                HSEM_IRQHandler
                0x08000c70                TIM1_UP_IRQHandler
                0x08000c70                WWDG_IRQHandler
                0x08000c70                LPUART1_IRQHandler
                0x08000c70                DMA2_Channel6_IRQHandler
                0x08000c70                TIM2_IRQHandler
                0x08000c70                TIM1_BRK_IRQHandler
                0x08000c70                DAC_IRQHandler
                0x08000c70                AES_IRQHandler
                0x08000c70                USART2_IRQHandler
                0x08000c70                I2C2_ER_IRQHandler
                0x08000c70                DMA1_Channel2_IRQHandler
                0x08000c70                FLASH_IRQHandler
                0x08000c70                USART1_IRQHandler
                0x08000c70                I2C1_ER_IRQHandler
                0x08000c70                LPTIM1_IRQHandler
                0x08000c70                DMA2_Channel3_IRQHandler
 .text.LL_AHB2_GRP1_EnableClock
                0x08000c72       0x30 ./Drivers/BSP/STM32WLxx_Nucleo/stm32wlxx_nucleo.o
 .text.LL_APB1_GRP2_EnableClock
                0x08000ca2       0x30 ./Drivers/BSP/STM32WLxx_Nucleo/stm32wlxx_nucleo.o
 *fill*         0x08000cd2        0x2 
 .text.BSP_LED_Init
                0x08000cd4       0x74 ./Drivers/BSP/STM32WLxx_Nucleo/stm32wlxx_nucleo.o
                0x08000cd4                BSP_LED_Init
 .text.BSP_PB_Init
                0x08000d48      0x10c ./Drivers/BSP/STM32WLxx_Nucleo/stm32wlxx_nucleo.o
                0x08000d48                BSP_PB_Init
 .text.BSP_PB_IRQHandler
                0x08000e54       0x24 ./Drivers/BSP/STM32WLxx_Nucleo/stm32wlxx_nucleo.o
                0x08000e54                BSP_PB_IRQHandler
 .text.BSP_PB_Callback
                0x08000e78       0x14 ./Drivers/BSP/STM32WLxx_Nucleo/stm32wlxx_nucleo.o
                0x08000e78                BSP_PB_Callback
 .text.BSP_COM_Init
                0x08000e8c       0x60 ./Drivers/BSP/STM32WLxx_Nucleo/stm32wlxx_nucleo.o
                0x08000e8c                BSP_COM_Init
 .text.MX_LPUART1_Init
                0x08000eec       0x64 ./Drivers/BSP/STM32WLxx_Nucleo/stm32wlxx_nucleo.o
                0x08000eec                MX_LPUART1_Init
 .text.BUTTON_SW1_EXTI_Callback
                0x08000f50        0xe ./Drivers/BSP/STM32WLxx_Nucleo/stm32wlxx_nucleo.o
 .text.BUTTON_SW2_EXTI_Callback
                0x08000f5e        0xe ./Drivers/BSP/STM32WLxx_Nucleo/stm32wlxx_nucleo.o
 .text.BUTTON_SW3_EXTI_Callback
                0x08000f6c        0xe ./Drivers/BSP/STM32WLxx_Nucleo/stm32wlxx_nucleo.o
 .text.COM1_MspInit
                0x08000f7a       0x5e ./Drivers/BSP/STM32WLxx_Nucleo/stm32wlxx_nucleo.o
 .text.HAL_Init
                0x08000fd8       0x40 ./Drivers/STM32WLxx_HAL_Driver/stm32wlxx_hal.o
                0x08000fd8                HAL_Init
 .text.HAL_InitTick
                0x08001018       0x74 ./Drivers/STM32WLxx_HAL_Driver/stm32wlxx_hal.o
                0x08001018                HAL_InitTick
 .text.HAL_IncTick
                0x0800108c       0x24 ./Drivers/STM32WLxx_HAL_Driver/stm32wlxx_hal.o
                0x0800108c                HAL_IncTick
 .text.__NVIC_SetPriorityGrouping
                0x080010b0       0x48 ./Drivers/STM32WLxx_HAL_Driver/stm32wlxx_hal_cortex.o
 .text.__NVIC_GetPriorityGrouping
                0x080010f8       0x1c ./Drivers/STM32WLxx_HAL_Driver/stm32wlxx_hal_cortex.o
 .text.__NVIC_EnableIRQ
                0x08001114       0x38 ./Drivers/STM32WLxx_HAL_Driver/stm32wlxx_hal_cortex.o
 .text.__NVIC_SetPriority
                0x0800114c       0x54 ./Drivers/STM32WLxx_HAL_Driver/stm32wlxx_hal_cortex.o
 .text.NVIC_EncodePriority
                0x080011a0       0x64 ./Drivers/STM32WLxx_HAL_Driver/stm32wlxx_hal_cortex.o
 .text.SysTick_Config
                0x08001204       0x44 ./Drivers/STM32WLxx_HAL_Driver/stm32wlxx_hal_cortex.o
 .text.HAL_NVIC_SetPriorityGrouping
                0x08001248       0x16 ./Drivers/STM32WLxx_HAL_Driver/stm32wlxx_hal_cortex.o
                0x08001248                HAL_NVIC_SetPriorityGrouping
 .text.HAL_NVIC_SetPriority
                0x0800125e       0x34 ./Drivers/STM32WLxx_HAL_Driver/stm32wlxx_hal_cortex.o
                0x0800125e                HAL_NVIC_SetPriority
 .text.HAL_NVIC_EnableIRQ
                0x08001292       0x1c ./Drivers/STM32WLxx_HAL_Driver/stm32wlxx_hal_cortex.o
                0x08001292                HAL_NVIC_EnableIRQ
 .text.HAL_SYSTICK_Config
                0x080012ae       0x18 ./Drivers/STM32WLxx_HAL_Driver/stm32wlxx_hal_cortex.o
                0x080012ae                HAL_SYSTICK_Config
 .text.HAL_EXTI_RegisterCallback
                0x080012c6       0x32 ./Drivers/STM32WLxx_HAL_Driver/stm32wlxx_hal_exti.o
                0x080012c6                HAL_EXTI_RegisterCallback
 .text.HAL_EXTI_GetHandle
                0x080012f8       0x26 ./Drivers/STM32WLxx_HAL_Driver/stm32wlxx_hal_exti.o
                0x080012f8                HAL_EXTI_GetHandle
 .text.HAL_EXTI_IRQHandler
                0x0800131e       0x5e ./Drivers/STM32WLxx_HAL_Driver/stm32wlxx_hal_exti.o
                0x0800131e                HAL_EXTI_IRQHandler
 .text.HAL_FLASHEx_OBGetConfig
                0x0800137c       0xe0 ./Drivers/STM32WLxx_HAL_Driver/stm32wlxx_hal_flash_ex.o
                0x0800137c                HAL_FLASHEx_OBGetConfig
 .text.FLASH_OB_GetWRP
                0x0800145c       0x58 ./Drivers/STM32WLxx_HAL_Driver/stm32wlxx_hal_flash_ex.o
 .text.FLASH_OB_GetRDP
                0x080014b4       0x30 ./Drivers/STM32WLxx_HAL_Driver/stm32wlxx_hal_flash_ex.o
 .text.FLASH_OB_GetUser
                0x080014e4       0x30 ./Drivers/STM32WLxx_HAL_Driver/stm32wlxx_hal_flash_ex.o
 .text.FLASH_OB_GetPCROP
                0x08001514       0x78 ./Drivers/STM32WLxx_HAL_Driver/stm32wlxx_hal_flash_ex.o
 .text.FLASH_OB_GetIPCCBufferAddr
                0x0800158c       0x24 ./Drivers/STM32WLxx_HAL_Driver/stm32wlxx_hal_flash_ex.o
 .text.FLASH_OB_GetSecureMemoryConfig
                0x080015b0       0xd0 ./Drivers/STM32WLxx_HAL_Driver/stm32wlxx_hal_flash_ex.o
 .text.FLASH_OB_GetC2BootResetConfig
                0x08001680       0x60 ./Drivers/STM32WLxx_HAL_Driver/stm32wlxx_hal_flash_ex.o
 .text.FLASH_OB_GetSUBGHZSPISecureAccess
                0x080016e0       0x1c ./Drivers/STM32WLxx_HAL_Driver/stm32wlxx_hal_flash_ex.o
 .text.FLASH_OB_GetC2DebugAccessMode
                0x080016fc       0x1c ./Drivers/STM32WLxx_HAL_Driver/stm32wlxx_hal_flash_ex.o
 .text.FLASH_OB_GetSecureMode
                0x08001718       0x28 ./Drivers/STM32WLxx_HAL_Driver/stm32wlxx_hal_flash_ex.o
 .text.HAL_GPIO_Init
                0x08001740      0x2c0 ./Drivers/STM32WLxx_HAL_Driver/stm32wlxx_hal_gpio.o
                0x08001740                HAL_GPIO_Init
 .text.HAL_GPIO_WritePin
                0x08001a00       0x2e ./Drivers/STM32WLxx_HAL_Driver/stm32wlxx_hal_gpio.o
                0x08001a00                HAL_GPIO_WritePin
 *fill*         0x08001a2e        0x2 
 .text.HAL_IPCC_Init
                0x08001a30       0x64 ./Drivers/STM32WLxx_HAL_Driver/stm32wlxx_hal_ipcc.o
                0x08001a30                HAL_IPCC_Init
 .text.HAL_IPCC_ActivateNotification
                0x08001a94       0x9c ./Drivers/STM32WLxx_HAL_Driver/stm32wlxx_hal_ipcc.o
                0x08001a94                HAL_IPCC_ActivateNotification
 .text.HAL_IPCC_NotifyCPU
                0x08001b30       0x8c ./Drivers/STM32WLxx_HAL_Driver/stm32wlxx_hal_ipcc.o
                0x08001b30                HAL_IPCC_NotifyCPU
 .text.HAL_IPCC_TX_IRQHandler
                0x08001bbc       0x9c ./Drivers/STM32WLxx_HAL_Driver/stm32wlxx_hal_ipcc.o
                0x08001bbc                HAL_IPCC_TX_IRQHandler
 .text.HAL_IPCC_RX_IRQHandler
                0x08001c58       0x98 ./Drivers/STM32WLxx_HAL_Driver/stm32wlxx_hal_ipcc.o
                0x08001c58                HAL_IPCC_RX_IRQHandler
 .text.HAL_IPCC_RxCallback
                0x08001cf0       0x18 ./Drivers/STM32WLxx_HAL_Driver/stm32wlxx_hal_ipcc.o
                0x08001cf0                HAL_IPCC_RxCallback
 .text.HAL_IPCC_TxCallback
                0x08001d08       0x18 ./Drivers/STM32WLxx_HAL_Driver/stm32wlxx_hal_ipcc.o
                0x08001d08                HAL_IPCC_TxCallback
 .text.IPCC_UnmaskInterrupt
                0x08001d20       0x58 ./Drivers/STM32WLxx_HAL_Driver/stm32wlxx_hal_ipcc.o
                0x08001d20                IPCC_UnmaskInterrupt
 .text.IPCC_SetDefaultCallbacks
                0x08001d78       0x48 ./Drivers/STM32WLxx_HAL_Driver/stm32wlxx_hal_ipcc.o
                0x08001d78                IPCC_SetDefaultCallbacks
 .text.IPCC_Reset_Register
                0x08001dc0       0x26 ./Drivers/STM32WLxx_HAL_Driver/stm32wlxx_hal_ipcc.o
                0x08001dc0                IPCC_Reset_Register
 *fill*         0x08001de6        0x2 
 .text.HAL_PWR_EnableBkUpAccess
                0x08001de8       0x1c ./Drivers/STM32WLxx_HAL_Driver/stm32wlxx_hal_pwr.o
                0x08001de8                HAL_PWR_EnableBkUpAccess
 .text.LL_PWR_EnableBootC2
                0x08001e04       0x1c ./Drivers/STM32WLxx_HAL_Driver/stm32wlxx_hal_pwr_ex.o
 .text.HAL_PWREx_GetVoltageRange
                0x08001e20       0x18 ./Drivers/STM32WLxx_HAL_Driver/stm32wlxx_hal_pwr_ex.o
                0x08001e20                HAL_PWREx_GetVoltageRange
 .text.HAL_PWREx_ReleaseCore
                0x08001e38       0x14 ./Drivers/STM32WLxx_HAL_Driver/stm32wlxx_hal_pwr_ex.o
                0x08001e38                HAL_PWREx_ReleaseCore
 .text.LL_PWR_IsEnabledBkUpAccess
                0x08001e4c       0x24 ./Drivers/STM32WLxx_HAL_Driver/stm32wlxx_hal_rcc.o
 .text.LL_RCC_HSE_EnableTcxo
                0x08001e70       0x1c ./Drivers/STM32WLxx_HAL_Driver/stm32wlxx_hal_rcc.o
 .text.LL_RCC_HSE_DisableTcxo
                0x08001e8c       0x1c ./Drivers/STM32WLxx_HAL_Driver/stm32wlxx_hal_rcc.o
 .text.LL_RCC_HSE_IsEnabledDiv2
                0x08001ea8       0x22 ./Drivers/STM32WLxx_HAL_Driver/stm32wlxx_hal_rcc.o
 .text.LL_RCC_HSE_Enable
                0x08001eca       0x1c ./Drivers/STM32WLxx_HAL_Driver/stm32wlxx_hal_rcc.o
 .text.LL_RCC_HSE_Disable
                0x08001ee6       0x1c ./Drivers/STM32WLxx_HAL_Driver/stm32wlxx_hal_rcc.o
 .text.LL_RCC_HSE_IsReady
                0x08001f02       0x22 ./Drivers/STM32WLxx_HAL_Driver/stm32wlxx_hal_rcc.o
 .text.LL_RCC_HSI_Enable
                0x08001f24       0x1c ./Drivers/STM32WLxx_HAL_Driver/stm32wlxx_hal_rcc.o
 .text.LL_RCC_HSI_Disable
                0x08001f40       0x1c ./Drivers/STM32WLxx_HAL_Driver/stm32wlxx_hal_rcc.o
 .text.LL_RCC_HSI_IsReady
                0x08001f5c       0x22 ./Drivers/STM32WLxx_HAL_Driver/stm32wlxx_hal_rcc.o
 .text.LL_RCC_HSI_SetCalibTrimming
                0x08001f7e       0x28 ./Drivers/STM32WLxx_HAL_Driver/stm32wlxx_hal_rcc.o
 .text.LL_RCC_LSE_IsReady
                0x08001fa6       0x22 ./Drivers/STM32WLxx_HAL_Driver/stm32wlxx_hal_rcc.o
 .text.LL_RCC_LSI_Enable
                0x08001fc8       0x20 ./Drivers/STM32WLxx_HAL_Driver/stm32wlxx_hal_rcc.o
 .text.LL_RCC_LSI_Disable
                0x08001fe8       0x20 ./Drivers/STM32WLxx_HAL_Driver/stm32wlxx_hal_rcc.o
 .text.LL_RCC_LSI_IsReady
                0x08002008       0x22 ./Drivers/STM32WLxx_HAL_Driver/stm32wlxx_hal_rcc.o
 .text.LL_RCC_MSI_Enable
                0x0800202a       0x1c ./Drivers/STM32WLxx_HAL_Driver/stm32wlxx_hal_rcc.o
 .text.LL_RCC_MSI_Disable
                0x08002046       0x1c ./Drivers/STM32WLxx_HAL_Driver/stm32wlxx_hal_rcc.o
 .text.LL_RCC_MSI_IsReady
                0x08002062       0x20 ./Drivers/STM32WLxx_HAL_Driver/stm32wlxx_hal_rcc.o
 .text.LL_RCC_MSI_IsEnabledRangeSelect
                0x08002082       0x20 ./Drivers/STM32WLxx_HAL_Driver/stm32wlxx_hal_rcc.o
 .text.LL_RCC_MSI_GetRange
                0x080020a2       0x16 ./Drivers/STM32WLxx_HAL_Driver/stm32wlxx_hal_rcc.o
 .text.LL_RCC_MSI_GetRangeAfterStandby
                0x080020b8       0x18 ./Drivers/STM32WLxx_HAL_Driver/stm32wlxx_hal_rcc.o
 .text.LL_RCC_MSI_SetCalibTrimming
                0x080020d0       0x28 ./Drivers/STM32WLxx_HAL_Driver/stm32wlxx_hal_rcc.o
 .text.LL_RCC_SetSysClkSource
                0x080020f8       0x26 ./Drivers/STM32WLxx_HAL_Driver/stm32wlxx_hal_rcc.o
 .text.LL_RCC_GetSysClkSource
                0x0800211e       0x16 ./Drivers/STM32WLxx_HAL_Driver/stm32wlxx_hal_rcc.o
 .text.LL_RCC_SetAHBPrescaler
                0x08002134       0x26 ./Drivers/STM32WLxx_HAL_Driver/stm32wlxx_hal_rcc.o
 .text.LL_C2_RCC_SetAHBPrescaler
                0x0800215a       0x2a ./Drivers/STM32WLxx_HAL_Driver/stm32wlxx_hal_rcc.o
 .text.LL_RCC_SetAHB3Prescaler
                0x08002184       0x2c ./Drivers/STM32WLxx_HAL_Driver/stm32wlxx_hal_rcc.o
 .text.LL_RCC_SetAPB1Prescaler
                0x080021b0       0x26 ./Drivers/STM32WLxx_HAL_Driver/stm32wlxx_hal_rcc.o
 .text.LL_RCC_SetAPB2Prescaler
                0x080021d6       0x26 ./Drivers/STM32WLxx_HAL_Driver/stm32wlxx_hal_rcc.o
 .text.LL_RCC_GetAHBPrescaler
                0x080021fc       0x16 ./Drivers/STM32WLxx_HAL_Driver/stm32wlxx_hal_rcc.o
 .text.LL_RCC_GetAHB3Prescaler
                0x08002212       0x1a ./Drivers/STM32WLxx_HAL_Driver/stm32wlxx_hal_rcc.o
 .text.LL_RCC_GetAPB1Prescaler
                0x0800222c       0x16 ./Drivers/STM32WLxx_HAL_Driver/stm32wlxx_hal_rcc.o
 .text.LL_RCC_GetAPB2Prescaler
                0x08002242       0x16 ./Drivers/STM32WLxx_HAL_Driver/stm32wlxx_hal_rcc.o
 .text.LL_RCC_PLL_Enable
                0x08002258       0x1c ./Drivers/STM32WLxx_HAL_Driver/stm32wlxx_hal_rcc.o
 .text.LL_RCC_PLL_Disable
                0x08002274       0x1c ./Drivers/STM32WLxx_HAL_Driver/stm32wlxx_hal_rcc.o
 .text.LL_RCC_PLL_IsReady
                0x08002290       0x22 ./Drivers/STM32WLxx_HAL_Driver/stm32wlxx_hal_rcc.o
 .text.LL_RCC_PLL_GetN
                0x080022b2       0x18 ./Drivers/STM32WLxx_HAL_Driver/stm32wlxx_hal_rcc.o
 .text.LL_RCC_PLL_GetR
                0x080022ca       0x16 ./Drivers/STM32WLxx_HAL_Driver/stm32wlxx_hal_rcc.o
 .text.LL_RCC_PLL_GetDivider
                0x080022e0       0x16 ./Drivers/STM32WLxx_HAL_Driver/stm32wlxx_hal_rcc.o
 .text.LL_RCC_PLL_GetMainSource
                0x080022f6       0x16 ./Drivers/STM32WLxx_HAL_Driver/stm32wlxx_hal_rcc.o
 .text.LL_RCC_IsActiveFlag_HPRE
                0x0800230c       0x22 ./Drivers/STM32WLxx_HAL_Driver/stm32wlxx_hal_rcc.o
 .text.LL_RCC_IsActiveFlag_C2HPRE
                0x0800232e       0x24 ./Drivers/STM32WLxx_HAL_Driver/stm32wlxx_hal_rcc.o
 .text.LL_RCC_IsActiveFlag_SHDHPRE
                0x08002352       0x24 ./Drivers/STM32WLxx_HAL_Driver/stm32wlxx_hal_rcc.o
 .text.LL_RCC_IsActiveFlag_PPRE1
                0x08002376       0x22 ./Drivers/STM32WLxx_HAL_Driver/stm32wlxx_hal_rcc.o
 .text.LL_RCC_IsActiveFlag_PPRE2
                0x08002398       0x22 ./Drivers/STM32WLxx_HAL_Driver/stm32wlxx_hal_rcc.o
 *fill*         0x080023ba        0x2 
 .text.HAL_RCC_OscConfig
                0x080023bc      0x704 ./Drivers/STM32WLxx_HAL_Driver/stm32wlxx_hal_rcc.o
                0x080023bc                HAL_RCC_OscConfig
 .text.HAL_RCC_ClockConfig
                0x08002ac0      0x284 ./Drivers/STM32WLxx_HAL_Driver/stm32wlxx_hal_rcc.o
                0x08002ac0                HAL_RCC_ClockConfig
 .text.HAL_RCC_GetSysClockFreq
                0x08002d44      0x140 ./Drivers/STM32WLxx_HAL_Driver/stm32wlxx_hal_rcc.o
                0x08002d44                HAL_RCC_GetSysClockFreq
 .text.HAL_RCC_GetHCLKFreq
                0x08002e84       0x28 ./Drivers/STM32WLxx_HAL_Driver/stm32wlxx_hal_rcc.o
                0x08002e84                HAL_RCC_GetHCLKFreq
 .text.HAL_RCC_GetPCLK1Freq
                0x08002eac       0x24 ./Drivers/STM32WLxx_HAL_Driver/stm32wlxx_hal_rcc.o
                0x08002eac                HAL_RCC_GetPCLK1Freq
 .text.HAL_RCC_GetPCLK2Freq
                0x08002ed0       0x24 ./Drivers/STM32WLxx_HAL_Driver/stm32wlxx_hal_rcc.o
                0x08002ed0                HAL_RCC_GetPCLK2Freq
 .text.RCC_SetFlashLatencyFromMSIRange
                0x08002ef4       0x60 ./Drivers/STM32WLxx_HAL_Driver/stm32wlxx_hal_rcc.o
 .text.RCC_SetFlashLatency
                0x08002f54      0x104 ./Drivers/STM32WLxx_HAL_Driver/stm32wlxx_hal_rcc.o
 .text.LL_RCC_LSE_IsReady
                0x08003058       0x22 ./Drivers/STM32WLxx_HAL_Driver/stm32wlxx_hal_rcc_ex.o
 .text.LL_RCC_SetUSARTClockSource
                0x0800307a       0x30 ./Drivers/STM32WLxx_HAL_Driver/stm32wlxx_hal_rcc_ex.o
 .text.LL_RCC_SetI2SClockSource
                0x080030aa       0x2a ./Drivers/STM32WLxx_HAL_Driver/stm32wlxx_hal_rcc_ex.o
 .text.LL_RCC_SetLPUARTClockSource
                0x080030d4       0x2a ./Drivers/STM32WLxx_HAL_Driver/stm32wlxx_hal_rcc_ex.o
 .text.LL_RCC_SetI2CClockSource
                0x080030fe       0x38 ./Drivers/STM32WLxx_HAL_Driver/stm32wlxx_hal_rcc_ex.o
 .text.LL_RCC_SetLPTIMClockSource
                0x08003136       0x32 ./Drivers/STM32WLxx_HAL_Driver/stm32wlxx_hal_rcc_ex.o
 .text.LL_RCC_SetRNGClockSource
                0x08003168       0x2a ./Drivers/STM32WLxx_HAL_Driver/stm32wlxx_hal_rcc_ex.o
 .text.LL_RCC_SetADCClockSource
                0x08003192       0x2a ./Drivers/STM32WLxx_HAL_Driver/stm32wlxx_hal_rcc_ex.o
 .text.LL_RCC_SetRTCClockSource
                0x080031bc       0x2a ./Drivers/STM32WLxx_HAL_Driver/stm32wlxx_hal_rcc_ex.o
 .text.LL_RCC_GetRTCClockSource
                0x080031e6       0x18 ./Drivers/STM32WLxx_HAL_Driver/stm32wlxx_hal_rcc_ex.o
 .text.LL_RCC_ForceBackupDomainReset
                0x080031fe       0x20 ./Drivers/STM32WLxx_HAL_Driver/stm32wlxx_hal_rcc_ex.o
 .text.LL_RCC_ReleaseBackupDomainReset
                0x0800321e       0x20 ./Drivers/STM32WLxx_HAL_Driver/stm32wlxx_hal_rcc_ex.o
 *fill*         0x0800323e        0x2 
 .text.HAL_RCCEx_PeriphCLKConfig
                0x08003240      0x234 ./Drivers/STM32WLxx_HAL_Driver/stm32wlxx_hal_rcc_ex.o
                0x08003240                HAL_RCCEx_PeriphCLKConfig
 .text.HAL_RTC_AlarmIRQHandler
                0x08003474       0x54 ./Drivers/STM32WLxx_HAL_Driver/stm32wlxx_hal_rtc.o
                0x08003474                HAL_RTC_AlarmIRQHandler
 .text.HAL_RTC_AlarmAEventCallback
                0x080034c8       0x12 ./Drivers/STM32WLxx_HAL_Driver/stm32wlxx_hal_rtc.o
                0x080034c8                HAL_RTC_AlarmAEventCallback
 .text.HAL_RTCEx_AlarmBEventCallback
                0x080034da       0x12 ./Drivers/STM32WLxx_HAL_Driver/stm32wlxx_hal_rtc_ex.o
                0x080034da                HAL_RTCEx_AlarmBEventCallback
 .text.LL_RCC_GetUSARTClockSource
                0x080034ec       0x24 ./Drivers/STM32WLxx_HAL_Driver/stm32wlxx_hal_uart.o
 .text.LL_RCC_GetLPUARTClockSource
                0x08003510       0x1e ./Drivers/STM32WLxx_HAL_Driver/stm32wlxx_hal_uart.o
 .text.HAL_UART_Init
                0x0800352e       0xa0 ./Drivers/STM32WLxx_HAL_Driver/stm32wlxx_hal_uart.o
                0x0800352e                HAL_UART_Init
 *fill*         0x080035ce        0x2 
 .text.UART_SetConfig
                0x080035d0      0x4e8 ./Drivers/STM32WLxx_HAL_Driver/stm32wlxx_hal_uart.o
                0x080035d0                UART_SetConfig
 .text.UART_AdvFeatureConfig
                0x08003ab8      0x142 ./Drivers/STM32WLxx_HAL_Driver/stm32wlxx_hal_uart.o
                0x08003ab8                UART_AdvFeatureConfig
 .text.UART_CheckIdleState
                0x08003bfa       0x9c ./Drivers/STM32WLxx_HAL_Driver/stm32wlxx_hal_uart.o
                0x08003bfa                UART_CheckIdleState
 .text.UART_WaitOnFlagUntilTimeout
                0x08003c96      0x190 ./Drivers/STM32WLxx_HAL_Driver/stm32wlxx_hal_uart.o
                0x08003c96                UART_WaitOnFlagUntilTimeout
 .text.HAL_UARTEx_DisableFifoMode
                0x08003e26       0x70 ./Drivers/STM32WLxx_HAL_Driver/stm32wlxx_hal_uart_ex.o
                0x08003e26                HAL_UARTEx_DisableFifoMode
 .text.HAL_UARTEx_SetTxFifoThreshold
                0x08003e96       0x7c ./Drivers/STM32WLxx_HAL_Driver/stm32wlxx_hal_uart_ex.o
                0x08003e96                HAL_UARTEx_SetTxFifoThreshold
 .text.HAL_UARTEx_SetRxFifoThreshold
                0x08003f12       0x7c ./Drivers/STM32WLxx_HAL_Driver/stm32wlxx_hal_uart_ex.o
                0x08003f12                HAL_UARTEx_SetRxFifoThreshold
 *fill*         0x08003f8e        0x2 
 .text.UARTEx_SetNbDataToProcess
                0x08003f90       0x98 ./Drivers/STM32WLxx_HAL_Driver/stm32wlxx_hal_uart_ex.o
 .text.MX_LoRaWAN_Init
                0x08004028       0x10 ./LoRaWAN/App/app_lorawan.o
                0x08004028                MX_LoRaWAN_Init
 .text.MX_LoRaWAN_Process
                0x08004038        0xc ./LoRaWAN/App/app_lorawan.o
                0x08004038                MX_LoRaWAN_Process
 .text.LoRaWAN_Init
                0x08004044       0x18 ./LoRaWAN/App/lora_app.o
                0x08004044                LoRaWAN_Init
 .text.OnRxData
                0x0800405c       0x14 ./LoRaWAN/App/lora_app.o
 .text.OnTxData
                0x08004070       0x12 ./LoRaWAN/App/lora_app.o
 .text.OnJoinRequest
                0x08004082       0x12 ./LoRaWAN/App/lora_app.o
 .text.OnBeaconStatusChange
                0x08004094       0x12 ./LoRaWAN/App/lora_app.o
 .text.OnSysTimeUpdate
                0x080040a6        0xc ./LoRaWAN/App/lora_app.o
 .text.OnClassChange
                0x080040b2       0x14 ./LoRaWAN/App/lora_app.o
 .text.OnMacProcessNotify
                0x080040c6        0xc ./LoRaWAN/App/lora_app.o
 .text.OnTxPeriodicityChanged
                0x080040d2       0x12 ./LoRaWAN/App/lora_app.o
 .text.OnTxFrameCtrlChanged
                0x080040e4       0x14 ./LoRaWAN/App/lora_app.o
 .text.OnPingSlotPeriodicityChanged
                0x080040f8       0x14 ./LoRaWAN/App/lora_app.o
 .text.OnSystemReset
                0x0800410c        0xc ./LoRaWAN/App/lora_app.o
 .text.LmHandlerInit
                0x08004118       0xc4 ./MbMux/LmHandler_mbwrapper.o
                0x08004118                LmHandlerInit
 .text.Process_Lora_Notif
                0x080041dc      0x2c4 ./MbMux/LmHandler_mbwrapper.o
                0x080041dc                Process_Lora_Notif
 .text.MBMUX_Init
                0x080044a0      0x120 ./MbMux/mbmux.o
                0x080044a0                MBMUX_Init
 .text.MBMUX_SetCm0plusFeatureListPtr
                0x080045c0       0x1c ./MbMux/mbmux.o
                0x080045c0                MBMUX_SetCm0plusFeatureListPtr
 .text.MBMUX_RegisterFeature
                0x080045dc      0x168 ./MbMux/mbmux.o
                0x080045dc                MBMUX_RegisterFeature
 .text.MBMUX_GetFeatureComPtr
                0x08004744       0x68 ./MbMux/mbmux.o
                0x08004744                MBMUX_GetFeatureComPtr
 .text.MBMUX_CommandSnd
                0x080047ac       0x5c ./MbMux/mbmux.o
                0x080047ac                MBMUX_CommandSnd
 .text.MBMUX_AcknowledgeSnd
                0x08004808       0x28 ./MbMux/mbmux.o
                0x08004808                MBMUX_AcknowledgeSnd
 .text.MBMUX_CheckIfFeatureSupportedByCm0plus
                0x08004830       0x68 ./MbMux/mbmux.o
 .text.MBMUX_IsrResponseRcvCb
                0x08004898       0x40 ./MbMux/mbmux.o
 .text.MBMUX_IsrNotificationRcvCb
                0x080048d8       0x40 ./MbMux/mbmux.o
 .text.MBMUX_FindChStillUnregistered
                0x08004918       0xc0 ./MbMux/mbmux.o
 .text.MBMUX_GetFeatureChIdx
                0x080049d8       0x34 ./MbMux/mbmux.o
 .text.MBMUX_IsrNotRegistered
                0x08004a0c       0x14 ./MbMux/mbmux.o
 .text.MBMUXIF_LoraInit
                0x08004a20       0xc4 ./MbMux/mbmuxif_lora.o
                0x08004a20                MBMUXIF_LoraInit
 .text.MBMUXIF_GetLoraFeatureCmdComPtr
                0x08004ae4       0x24 ./MbMux/mbmuxif_lora.o
                0x08004ae4                MBMUXIF_GetLoraFeatureCmdComPtr
 .text.MBMUXIF_LoraSendCmd
                0x08004b08       0x20 ./MbMux/mbmuxif_lora.o
                0x08004b08                MBMUXIF_LoraSendCmd
 .text.MBMUXIF_IsrLoraRespRcvCb
                0x08004b28       0x16 ./MbMux/mbmuxif_lora.o
 *fill*         0x08004b3e        0x2 
 .text.MBMUXIF_IsrLoraNotifRcvCb
                0x08004b40       0x24 ./MbMux/mbmuxif_lora.o
 .text.MBMUXIF_TaskLoraNotifRcv
                0x08004b64       0x18 ./MbMux/mbmuxif_lora.o
 .text.LL_DBGMCU_GetRevisionID
                0x08004b7c       0x18 ./MbMux/mbmuxif_sys.o
 .text.MBMUXIF_SystemInit
                0x08004b94       0xbc ./MbMux/mbmuxif_sys.o
                0x08004b94                MBMUXIF_SystemInit
 .text.MBMUXIF_SetCpusSynchroFlag
                0x08004c50       0x24 ./MbMux/mbmuxif_sys.o
                0x08004c50                MBMUXIF_SetCpusSynchroFlag
 .text.MBMUXIF_WaitCm0MbmuxIsInitialized
                0x08004c74       0x28 ./MbMux/mbmuxif_sys.o
                0x08004c74                MBMUXIF_WaitCm0MbmuxIsInitialized
 .text.MBMUXIF_GetSystemFeatureCmdComPtr
                0x08004c9c       0x2a ./MbMux/mbmuxif_sys.o
                0x08004c9c                MBMUXIF_GetSystemFeatureCmdComPtr
 *fill*         0x08004cc6        0x2 
 .text.MBMUXIF_SystemSendCmd
                0x08004cc8       0x58 ./MbMux/mbmuxif_sys.o
                0x08004cc8                MBMUXIF_SystemSendCmd
 .text.MBMUXIF_SystemSendAck
                0x08004d20       0x24 ./MbMux/mbmuxif_sys.o
                0x08004d20                MBMUXIF_SystemSendAck
 .text.MBMUXIF_SystemSendCm0plusInfoListReq
                0x08004d44       0x3a ./MbMux/mbmuxif_sys.o
                0x08004d44                MBMUXIF_SystemSendCm0plusInfoListReq
 .text.MBMUXIF_SystemGetFeatCapabInfoPtr
                0x08004d7e       0x6c ./MbMux/mbmuxif_sys.o
                0x08004d7e                MBMUXIF_SystemGetFeatCapabInfoPtr
 .text.MBMUXIF_SystemSendCm0plusRegistrationCmd
                0x08004dea       0x5a ./MbMux/mbmuxif_sys.o
                0x08004dea                MBMUXIF_SystemSendCm0plusRegistrationCmd
 .text.MBMUXIF_IsrSystemRespRcvCb
                0x08004e44       0x30 ./MbMux/mbmuxif_sys.o
 .text.MBMUXIF_IsrSystemNotifRcvCb
                0x08004e74       0x24 ./MbMux/mbmuxif_sys.o
 .text.MBMUXIF_TaskSystemNotifRcv
                0x08004e98       0x18 ./MbMux/mbmuxif_sys.o
 .text.UTIL_SEQ_Run
                0x08004eb0      0x1f8 ./Utilities/stm32_seq.o
                0x08004eb0                UTIL_SEQ_Run
 .text.UTIL_SEQ_RegTask
                0x080050a8       0x44 ./Utilities/stm32_seq.o
                0x080050a8                UTIL_SEQ_RegTask
 .text.UTIL_SEQ_SetTask
                0x080050ec       0x58 ./Utilities/stm32_seq.o
                0x080050ec                UTIL_SEQ_SetTask
 .text.UTIL_SEQ_SetEvt
                0x08005144       0x3c ./Utilities/stm32_seq.o
                0x08005144                UTIL_SEQ_SetEvt
 .text.UTIL_SEQ_WaitEvt
                0x08005180       0x94 ./Utilities/stm32_seq.o
                0x08005180                UTIL_SEQ_WaitEvt
 .text.UTIL_SEQ_Idle
                0x08005214        0xc ./Utilities/stm32_seq.o
                0x08005214                UTIL_SEQ_Idle
 .text.UTIL_SEQ_PreIdle
                0x08005220        0xc ./Utilities/stm32_seq.o
                0x08005220                UTIL_SEQ_PreIdle
 .text.UTIL_SEQ_PostIdle
                0x0800522c        0xc ./Utilities/stm32_seq.o
                0x0800522c                UTIL_SEQ_PostIdle
 .text.SEQ_BitPosition
                0x08005238       0x70 ./Utilities/stm32_seq.o
                0x08005238                SEQ_BitPosition
 .text.memset   0x080052a8       0x10 C:/ST/STM32CubeIDE_1.16.0/STM32CubeIDE/plugins/com.st.stm32cube.ide.mcu.externaltools.gnu-tools-for-stm32.12.3.rel1.win32_1.0.200.202406191623/tools/bin/../lib/gcc/arm-none-eabi/12.3.1/../../../../arm-none-eabi/lib/thumb/v7e-m/nofp\libc_nano.a(libc_a-memset.o)
                0x080052a8                memset
 .text.__libc_init_array
                0x080052b8       0x48 C:/ST/STM32CubeIDE_1.16.0/STM32CubeIDE/plugins/com.st.stm32cube.ide.mcu.externaltools.gnu-tools-for-stm32.12.3.rel1.win32_1.0.200.202406191623/tools/bin/../lib/gcc/arm-none-eabi/12.3.1/../../../../arm-none-eabi/lib/thumb/v7e-m/nofp\libc_nano.a(libc_a-init.o)
                0x080052b8                __libc_init_array
 *(.glue_7)
 .glue_7        0x08005300        0x0 linker stubs
 *(.glue_7t)
 .glue_7t       0x08005300        0x0 linker stubs
 *(.eh_frame)
 .eh_frame      0x08005300        0x0 C:/ST/STM32CubeIDE_1.16.0/STM32CubeIDE/plugins/com.st.stm32cube.ide.mcu.externaltools.gnu-tools-for-stm32.12.3.rel1.win32_1.0.200.202406191623/tools/bin/../lib/gcc/arm-none-eabi/12.3.1/thumb/v7e-m/nofp/crtbegin.o
 *(.init)
 .init          0x08005300        0x4 C:/ST/STM32CubeIDE_1.16.0/STM32CubeIDE/plugins/com.st.stm32cube.ide.mcu.externaltools.gnu-tools-for-stm32.12.3.rel1.win32_1.0.200.202406191623/tools/bin/../lib/gcc/arm-none-eabi/12.3.1/thumb/v7e-m/nofp/crti.o
                0x08005300                _init
 .init          0x08005304        0x8 C:/ST/STM32CubeIDE_1.16.0/STM32CubeIDE/plugins/com.st.stm32cube.ide.mcu.externaltools.gnu-tools-for-stm32.12.3.rel1.win32_1.0.200.202406191623/tools/bin/../lib/gcc/arm-none-eabi/12.3.1/thumb/v7e-m/nofp/crtn.o
 *(.fini)
 .fini          0x0800530c        0x4 C:/ST/STM32CubeIDE_1.16.0/STM32CubeIDE/plugins/com.st.stm32cube.ide.mcu.externaltools.gnu-tools-for-stm32.12.3.rel1.win32_1.0.200.202406191623/tools/bin/../lib/gcc/arm-none-eabi/12.3.1/thumb/v7e-m/nofp/crti.o
                0x0800530c                _fini
 .fini          0x08005310        0x8 C:/ST/STM32CubeIDE_1.16.0/STM32CubeIDE/plugins/com.st.stm32cube.ide.mcu.externaltools.gnu-tools-for-stm32.12.3.rel1.win32_1.0.200.202406191623/tools/bin/../lib/gcc/arm-none-eabi/12.3.1/thumb/v7e-m/nofp/crtn.o
                0x08005318                        . = ALIGN (0x4)
                0x08005318                        _etext = .

.vfp11_veneer   0x08005318        0x0
 .vfp11_veneer  0x08005318        0x0 linker stubs

.v4_bx          0x08005318        0x0
 .v4_bx         0x08005318        0x0 linker stubs

.iplt           0x08005318        0x0
 .iplt          0x08005318        0x0 C:/ST/STM32CubeIDE_1.16.0/STM32CubeIDE/plugins/com.st.stm32cube.ide.mcu.externaltools.gnu-tools-for-stm32.12.3.rel1.win32_1.0.200.202406191623/tools/bin/../lib/gcc/arm-none-eabi/12.3.1/thumb/v7e-m/nofp/crtbegin.o

.rodata         0x08005318      0x114
                0x08005318                        . = ALIGN (0x4)
 *(.rodata)
 .rodata        0x08005318       0x1c ./Drivers/STM32WLxx_HAL_Driver/stm32wlxx_hal_rcc.o
 *(.rodata*)
 .rodata.AHBPrescTable
                0x08005334       0x40 ./Common/System/system_stm32wlxx.o
                0x08005334                AHBPrescTable
 .rodata.APBPrescTable
                0x08005374       0x20 ./Common/System/system_stm32wlxx.o
                0x08005374                APBPrescTable
 .rodata.MSIRangeTable
                0x08005394       0x40 ./Common/System/system_stm32wlxx.o
                0x08005394                MSIRangeTable
 .rodata.LED_PIN
                0x080053d4        0x6 ./Drivers/BSP/STM32WLxx_Nucleo/stm32wlxx_nucleo.o
 *fill*         0x080053da        0x2 
 .rodata.BUTTON_PIN
                0x080053dc        0x6 ./Drivers/BSP/STM32WLxx_Nucleo/stm32wlxx_nucleo.o
 *fill*         0x080053e2        0x2 
 .rodata.BUTTON_IRQn
                0x080053e4        0x3 ./Drivers/BSP/STM32WLxx_Nucleo/stm32wlxx_nucleo.o
 *fill*         0x080053e7        0x1 
 .rodata.button_exti_line.2
                0x080053e8        0xc ./Drivers/BSP/STM32WLxx_Nucleo/stm32wlxx_nucleo.o
 .rodata.UARTPrescTable
                0x080053f4       0x18 ./Drivers/STM32WLxx_HAL_Driver/stm32wlxx_hal_uart.o
                0x080053f4                UARTPrescTable
 .rodata.numerator.1
                0x0800540c        0x8 ./Drivers/STM32WLxx_HAL_Driver/stm32wlxx_hal_uart_ex.o
 .rodata.denominator.0
                0x08005414        0x8 ./Drivers/STM32WLxx_HAL_Driver/stm32wlxx_hal_uart_ex.o
 .rodata.SEQ_clz_table_4bit
                0x0800541c       0x10 ./Utilities/stm32_seq.o
                0x0800541c                SEQ_clz_table_4bit
                0x0800542c                        . = ALIGN (0x4)

.ARM.extab      0x0800542c        0x0
                0x0800542c                        . = ALIGN (0x4)
 *(.ARM.extab* .gnu.linkonce.armextab.*)
                0x0800542c                        . = ALIGN (0x4)

.ARM            0x0800542c        0x8
                0x0800542c                        . = ALIGN (0x4)
                0x0800542c                        __exidx_start = .
 *(.ARM.exidx*)
 .ARM.exidx     0x0800542c        0x8 C:/ST/STM32CubeIDE_1.16.0/STM32CubeIDE/plugins/com.st.stm32cube.ide.mcu.externaltools.gnu-tools-for-stm32.12.3.rel1.win32_1.0.200.202406191623/tools/bin/../lib/gcc/arm-none-eabi/12.3.1/thumb/v7e-m/nofp\libgcc.a(_udivmoddi4.o)
                0x08005434                        __exidx_end = .
                0x08005434                        . = ALIGN (0x4)

.preinit_array  0x08005434        0x0
                0x08005434                        . = ALIGN (0x4)
                0x08005434                        PROVIDE (__preinit_array_start = .)
 *(.preinit_array*)
                0x08005434                        PROVIDE (__preinit_array_end = .)
                0x08005434                        . = ALIGN (0x4)

.init_array     0x08005434        0x4
                0x08005434                        . = ALIGN (0x4)
                0x08005434                        PROVIDE (__init_array_start = .)
 *(SORT_BY_NAME(.init_array.*))
 *(.init_array*)
 .init_array    0x08005434        0x4 C:/ST/STM32CubeIDE_1.16.0/STM32CubeIDE/plugins/com.st.stm32cube.ide.mcu.externaltools.gnu-tools-for-stm32.12.3.rel1.win32_1.0.200.202406191623/tools/bin/../lib/gcc/arm-none-eabi/12.3.1/thumb/v7e-m/nofp/crtbegin.o
                0x08005438                        PROVIDE (__init_array_end = .)
                0x08005438                        . = ALIGN (0x4)

.fini_array     0x08005438        0x4
                0x08005438                        . = ALIGN (0x4)
                [!provide]                        PROVIDE (__fini_array_start = .)
 *(SORT_BY_NAME(.fini_array.*))
 *(.fini_array*)
 .fini_array    0x08005438        0x4 C:/ST/STM32CubeIDE_1.16.0/STM32CubeIDE/plugins/com.st.stm32cube.ide.mcu.externaltools.gnu-tools-for-stm32.12.3.rel1.win32_1.0.200.202406191623/tools/bin/../lib/gcc/arm-none-eabi/12.3.1/thumb/v7e-m/nofp/crtbegin.o
                [!provide]                        PROVIDE (__fini_array_end = .)
                0x0800543c                        . = ALIGN (0x4)
                0x0800543c                        _sidata = LOADADDR (.data)

.rel.dyn        0x0800543c        0x0
 .rel.iplt      0x0800543c        0x0 C:/ST/STM32CubeIDE_1.16.0/STM32CubeIDE/plugins/com.st.stm32cube.ide.mcu.externaltools.gnu-tools-for-stm32.12.3.rel1.win32_1.0.200.202406191623/tools/bin/../lib/gcc/arm-none-eabi/12.3.1/thumb/v7e-m/nofp/crtbegin.o

.data           0x20000000       0x98 load address 0x0800543c
                0x20000000                        . = ALIGN (0x4)
                0x20000000                        _sdata = .
 *(.data)
 *(.data*)
 .data.SystemCoreClock
                0x20000000        0x4 ./Common/System/system_stm32wlxx.o
                0x20000000                SystemCoreClock
 .data.LED_PORT
                0x20000004        0xc ./Drivers/BSP/STM32WLxx_Nucleo/stm32wlxx_nucleo.o
 .data.BUTTON_PORT
                0x20000010        0xc ./Drivers/BSP/STM32WLxx_Nucleo/stm32wlxx_nucleo.o
 .data.COM_USART
                0x2000001c        0x4 ./Drivers/BSP/STM32WLxx_Nucleo/stm32wlxx_nucleo.o
 .data.button_callback.1
                0x20000020        0xc ./Drivers/BSP/STM32WLxx_Nucleo/stm32wlxx_nucleo.o
 .data.button_interrupt_priority.0
                0x2000002c        0xc ./Drivers/BSP/STM32WLxx_Nucleo/stm32wlxx_nucleo.o
 .data.uwTickPrio
                0x20000038        0x4 ./Drivers/STM32WLxx_HAL_Driver/stm32wlxx_hal.o
                0x20000038                uwTickPrio
 .data.uwTickFreq
                0x2000003c        0x1 ./Drivers/STM32WLxx_HAL_Driver/stm32wlxx_hal.o
                0x2000003c                uwTickFreq
 *fill*         0x2000003d        0x3 
 .data.LmHandlerCallbacks
                0x20000040       0x4c ./LoRaWAN/App/lora_app.o
 .data.pMb_RefTable
                0x2000008c        0x4 ./MbMux/mbmuxif_sys.o
                0x2000008c                pMb_RefTable
 .data.TaskMask
                0x20000090        0x4 ./Utilities/stm32_seq.o
 .data.SuperMask
                0x20000094        0x4 ./Utilities/stm32_seq.o
 *(.RamFunc)
 *(.RamFunc*)
                0x20000098                        . = ALIGN (0x4)
                0x20000098                        _edata = .

.igot.plt       0x20000098        0x0 load address 0x080054d4
 .igot.plt      0x20000098        0x0 C:/ST/STM32CubeIDE_1.16.0/STM32CubeIDE/plugins/com.st.stm32cube.ide.mcu.externaltools.gnu-tools-for-stm32.12.3.rel1.win32_1.0.200.202406191623/tools/bin/../lib/gcc/arm-none-eabi/12.3.1/thumb/v7e-m/nofp/crtbegin.o

MB_MEM1         0x20000098       0x90 load address 0x080054d4
 MB_MEM1        0x20000098       0x50 ./MbMux/mbmuxif_lora.o
                0x20000098                aLoraCmdRespBuff
                0x200000d4                aLoraNotifAckBuff
 MB_MEM1        0x200000e8       0x40 ./MbMux/mbmuxif_sys.o
                0x200000e8                aSystemCmdRespBuff
                0x20000104                aSystemNotifAckBuff
                0x20000118                aSystemPrioACmdRespBuff
                0x2000011c                aSystemPrioANotifAckBuff
                0x20000120                aSystemPrioBCmdRespBuff
                0x20000124                aSystemPrioBNotifAckBuff

MAPPING_TABLE   0x20000130      0x13c load address 0x08005564
 MAPPING_TABLE  0x20000130      0x13c ./MbMux/mbmuxif_sys.o
                0x2000026c                        . = ALIGN (0x4)

.bss            0x2000026c      0x2d0 load address 0x080056a0
                0x2000026c                        _sbss = .
                0x2000026c                        __bss_start__ = _sbss
 *(.bss)
 .bss           0x2000026c       0x1c C:/ST/STM32CubeIDE_1.16.0/STM32CubeIDE/plugins/com.st.stm32cube.ide.mcu.externaltools.gnu-tools-for-stm32.12.3.rel1.win32_1.0.200.202406191623/tools/bin/../lib/gcc/arm-none-eabi/12.3.1/thumb/v7e-m/nofp/crtbegin.o
 *(.bss*)
 .bss.IpccResponseRcv
                0x20000288        0x4 ./Core/Src/ipcc_if.o
 .bss.IpccNotificationRcv
                0x2000028c        0x4 ./Core/Src/ipcc_if.o
 .bss.BspCOMInit
                0x20000290       0x10 ./Core/Src/main.o
                0x20000290                BspCOMInit
 .bss.hipcc     0x200002a0       0x3c ./Core/Src/main.o
                0x200002a0                hipcc
 .bss.huart1    0x200002dc       0x94 ./Core/Src/main.o
                0x200002dc                huart1
 .bss.SYS_TimerInitialisedFlag
                0x20000370        0x1 ./Core/Src/sys_app.o
 *fill*         0x20000371        0x3 
 .bss.hrtc      0x20000374       0x38 ./Core/Src/timer_if.o
                0x20000374                hrtc
 .bss.RTC_Initialized
                0x200003ac        0x1 ./Core/Src/timer_if.o
 *fill*         0x200003ad        0x3 
 .bss.hpb_exti  0x200003b0       0x18 ./Drivers/BSP/STM32WLxx_Nucleo/stm32wlxx_nucleo.o
                0x200003b0                hpb_exti
 .bss.hcom_uart
                0x200003c8       0x94 ./Drivers/BSP/STM32WLxx_Nucleo/stm32wlxx_nucleo.o
                0x200003c8                hcom_uart
 .bss.uwTick    0x2000045c        0x4 ./Drivers/STM32WLxx_HAL_Driver/stm32wlxx_hal.o
                0x2000045c                uwTick
 .bss.callback_mbwrapper
                0x20000460       0x4c ./MbMux/LmHandler_mbwrapper.o
 .bss.p_MBMUX_ComTable
                0x200004ac        0x4 ./MbMux/mbmux.o
 .bss.p_MBMUX_Cm0plusFeatureList
                0x200004b0        0x4 ./MbMux/mbmux.o
 .bss.LoraComObj
                0x200004b4        0x4 ./MbMux/mbmuxif_lora.o
 .bss.OptionsBytesStruct
                0x200004b8       0x58 ./MbMux/mbmuxif_sys.o
 .bss.AllowSequencerForSysCmd
                0x20000510        0x1 ./MbMux/mbmuxif_sys.o
 .bss.MbSystemRespRcvFlag
                0x20000511        0x1 ./MbMux/mbmuxif_sys.o
 *fill*         0x20000512        0x2 
 .bss.SystemComObj
                0x20000514        0x4 ./MbMux/mbmuxif_sys.o
                0x20000514                SystemComObj
 .bss.TaskSet   0x20000518        0x4 ./Utilities/stm32_seq.o
 .bss.EvtSet    0x2000051c        0x4 ./Utilities/stm32_seq.o
 .bss.EvtWaited
                0x20000520        0x4 ./Utilities/stm32_seq.o
 .bss.CurrentTaskIdx
                0x20000524        0x4 ./Utilities/stm32_seq.o
 .bss.TaskCb    0x20000528        0xc ./Utilities/stm32_seq.o
 .bss.TaskPrio  0x20000534        0x8 ./Utilities/stm32_seq.o
 *(COMMON)
                0x2000053c                        . = ALIGN (0x4)
                0x2000053c                        _ebss = .
                0x2000053c                        __bss_end__ = _ebss

._user_heap_stack
                0x2000053c      0x604 load address 0x080056a0
                0x20000540                        . = ALIGN (0x8)
 *fill*         0x2000053c        0x4 
                [!provide]                        PROVIDE (end = .)
                0x20000540                        PROVIDE (_end = .)
                0x20000740                        . = (. + _Min_Heap_Size)
 *fill*         0x20000540      0x200 
                0x20000b40                        . = (. + _Min_Stack_Size)
 *fill*         0x20000740      0x400 
                0x20000b40                        . = ALIGN (0x8)

/DISCARD/
 libc.a(*)
 libm.a(*)
 libgcc.a(*)

.ARM.attributes
                0x00000000       0x2a
 *(.ARM.attributes)
 .ARM.attributes
                0x00000000       0x1e C:/ST/STM32CubeIDE_1.16.0/STM32CubeIDE/plugins/com.st.stm32cube.ide.mcu.externaltools.gnu-tools-for-stm32.12.3.rel1.win32_1.0.200.202406191623/tools/bin/../lib/gcc/arm-none-eabi/12.3.1/thumb/v7e-m/nofp/crti.o
 .ARM.attributes
                0x0000001e       0x2e C:/ST/STM32CubeIDE_1.16.0/STM32CubeIDE/plugins/com.st.stm32cube.ide.mcu.externaltools.gnu-tools-for-stm32.12.3.rel1.win32_1.0.200.202406191623/tools/bin/../lib/gcc/arm-none-eabi/12.3.1/thumb/v7e-m/nofp/crtbegin.o
 .ARM.attributes
                0x0000004c       0x2e ./Common/System/system_stm32wlxx.o
 .ARM.attributes
                0x0000007a       0x2e ./Core/Src/ipcc_if.o
 .ARM.attributes
                0x000000a8       0x2e ./Core/Src/main.o
 .ARM.attributes
                0x000000d6       0x2e ./Core/Src/stm32wlxx_hal_msp.o
 .ARM.attributes
                0x00000104       0x2e ./Core/Src/stm32wlxx_it.o
 .ARM.attributes
                0x00000132       0x2e ./Core/Src/sys_app.o
 .ARM.attributes
                0x00000160       0x2e ./Core/Src/timer_if.o
 .ARM.attributes
                0x0000018e       0x21 ./Core/Startup/startup_stm32wl55jcix.o
 .ARM.attributes
                0x000001af       0x2e ./Drivers/BSP/STM32WLxx_Nucleo/stm32wlxx_nucleo.o
 .ARM.attributes
                0x000001dd       0x2e ./Drivers/STM32WLxx_HAL_Driver/stm32wlxx_hal.o
 .ARM.attributes
                0x0000020b       0x2e ./Drivers/STM32WLxx_HAL_Driver/stm32wlxx_hal_cortex.o
 .ARM.attributes
                0x00000239       0x2e ./Drivers/STM32WLxx_HAL_Driver/stm32wlxx_hal_exti.o
 .ARM.attributes
                0x00000267       0x2e ./Drivers/STM32WLxx_HAL_Driver/stm32wlxx_hal_flash_ex.o
 .ARM.attributes
                0x00000295       0x2e ./Drivers/STM32WLxx_HAL_Driver/stm32wlxx_hal_gpio.o
 .ARM.attributes
                0x000002c3       0x2e ./Drivers/STM32WLxx_HAL_Driver/stm32wlxx_hal_ipcc.o
 .ARM.attributes
                0x000002f1       0x2e ./Drivers/STM32WLxx_HAL_Driver/stm32wlxx_hal_pwr.o
 .ARM.attributes
                0x0000031f       0x2e ./Drivers/STM32WLxx_HAL_Driver/stm32wlxx_hal_pwr_ex.o
 .ARM.attributes
                0x0000034d       0x2e ./Drivers/STM32WLxx_HAL_Driver/stm32wlxx_hal_rcc.o
 .ARM.attributes
                0x0000037b       0x2e ./Drivers/STM32WLxx_HAL_Driver/stm32wlxx_hal_rcc_ex.o
 .ARM.attributes
                0x000003a9       0x2e ./Drivers/STM32WLxx_HAL_Driver/stm32wlxx_hal_rtc.o
 .ARM.attributes
                0x000003d7       0x2e ./Drivers/STM32WLxx_HAL_Driver/stm32wlxx_hal_rtc_ex.o
 .ARM.attributes
                0x00000405       0x2e ./Drivers/STM32WLxx_HAL_Driver/stm32wlxx_hal_uart.o
 .ARM.attributes
                0x00000433       0x2e ./Drivers/STM32WLxx_HAL_Driver/stm32wlxx_hal_uart_ex.o
 .ARM.attributes
                0x00000461       0x2e ./LoRaWAN/App/app_lorawan.o
 .ARM.attributes
                0x0000048f       0x2e ./LoRaWAN/App/lora_app.o
 .ARM.attributes
                0x000004bd       0x2e ./MbMux/LmHandler_mbwrapper.o
 .ARM.attributes
                0x000004eb       0x2e ./MbMux/mbmux.o
 .ARM.attributes
                0x00000519       0x2e ./MbMux/mbmuxif_lora.o
 .ARM.attributes
                0x00000547       0x2e ./MbMux/mbmuxif_sys.o
 .ARM.attributes
                0x00000575       0x2e ./Utilities/stm32_seq.o
 .ARM.attributes
                0x000005a3       0x2e C:/ST/STM32CubeIDE_1.16.0/STM32CubeIDE/plugins/com.st.stm32cube.ide.mcu.externaltools.gnu-tools-for-stm32.12.3.rel1.win32_1.0.200.202406191623/tools/bin/../lib/gcc/arm-none-eabi/12.3.1/../../../../arm-none-eabi/lib/thumb/v7e-m/nofp\libc_nano.a(libc_a-memset.o)
 .ARM.attributes
                0x000005d1       0x2e C:/ST/STM32CubeIDE_1.16.0/STM32CubeIDE/plugins/com.st.stm32cube.ide.mcu.externaltools.gnu-tools-for-stm32.12.3.rel1.win32_1.0.200.202406191623/tools/bin/../lib/gcc/arm-none-eabi/12.3.1/../../../../arm-none-eabi/lib/thumb/v7e-m/nofp\libc_nano.a(libc_a-init.o)
 .ARM.attributes
                0x000005ff       0x1e C:/ST/STM32CubeIDE_1.16.0/STM32CubeIDE/plugins/com.st.stm32cube.ide.mcu.externaltools.gnu-tools-for-stm32.12.3.rel1.win32_1.0.200.202406191623/tools/bin/../lib/gcc/arm-none-eabi/12.3.1/thumb/v7e-m/nofp\libgcc.a(_aeabi_uldivmod.o)
 .ARM.attributes
                0x0000061d       0x2e C:/ST/STM32CubeIDE_1.16.0/STM32CubeIDE/plugins/com.st.stm32cube.ide.mcu.externaltools.gnu-tools-for-stm32.12.3.rel1.win32_1.0.200.202406191623/tools/bin/../lib/gcc/arm-none-eabi/12.3.1/thumb/v7e-m/nofp\libgcc.a(_udivmoddi4.o)
 .ARM.attributes
                0x0000064b       0x1e C:/ST/STM32CubeIDE_1.16.0/STM32CubeIDE/plugins/com.st.stm32cube.ide.mcu.externaltools.gnu-tools-for-stm32.12.3.rel1.win32_1.0.200.202406191623/tools/bin/../lib/gcc/arm-none-eabi/12.3.1/thumb/v7e-m/nofp\libgcc.a(_dvmd_tls.o)
 .ARM.attributes
                0x00000669       0x1e C:/ST/STM32CubeIDE_1.16.0/STM32CubeIDE/plugins/com.st.stm32cube.ide.mcu.externaltools.gnu-tools-for-stm32.12.3.rel1.win32_1.0.200.202406191623/tools/bin/../lib/gcc/arm-none-eabi/12.3.1/thumb/v7e-m/nofp/crtn.o
OUTPUT(concentrator_CM4.elf elf32-littlearm)
LOAD linker stubs
LOAD C:/ST/STM32CubeIDE_1.16.0/STM32CubeIDE/plugins/com.st.stm32cube.ide.mcu.externaltools.gnu-tools-for-stm32.12.3.rel1.win32_1.0.200.202406191623/tools/bin/../lib/gcc/arm-none-eabi/12.3.1/../../../../arm-none-eabi/lib/thumb/v7e-m/nofp\libc.a
LOAD C:/ST/STM32CubeIDE_1.16.0/STM32CubeIDE/plugins/com.st.stm32cube.ide.mcu.externaltools.gnu-tools-for-stm32.12.3.rel1.win32_1.0.200.202406191623/tools/bin/../lib/gcc/arm-none-eabi/12.3.1/../../../../arm-none-eabi/lib/thumb/v7e-m/nofp\libm.a
LOAD C:/ST/STM32CubeIDE_1.16.0/STM32CubeIDE/plugins/com.st.stm32cube.ide.mcu.externaltools.gnu-tools-for-stm32.12.3.rel1.win32_1.0.200.202406191623/tools/bin/../lib/gcc/arm-none-eabi/12.3.1/thumb/v7e-m/nofp\libgcc.a

.debug_info     0x00000000    0x1aba3
 .debug_info    0x00000000      0x515 ./Common/System/system_stm32wlxx.o
 .debug_info    0x00000515      0x6b1 ./Core/Src/ipcc_if.o
 .debug_info    0x00000bc6     0x1515 ./Core/Src/main.o
 .debug_info    0x000020db     0x164e ./Core/Src/stm32wlxx_hal_msp.o
 .debug_info    0x00003729      0x6ad ./Core/Src/stm32wlxx_it.o
 .debug_info    0x00003dd6      0x4f2 ./Core/Src/sys_app.o
 .debug_info    0x000042c8      0xb18 ./Core/Src/timer_if.o
 .debug_info    0x00004de0       0x30 ./Core/Startup/startup_stm32wl55jcix.o
 .debug_info    0x00004e10     0x17d3 ./Drivers/BSP/STM32WLxx_Nucleo/stm32wlxx_nucleo.o
 .debug_info    0x000065e3     0x1165 ./Drivers/STM32WLxx_HAL_Driver/stm32wlxx_hal.o
 .debug_info    0x00007748      0xced ./Drivers/STM32WLxx_HAL_Driver/stm32wlxx_hal_cortex.o
 .debug_info    0x00008435      0x7b2 ./Drivers/STM32WLxx_HAL_Driver/stm32wlxx_hal_exti.o
 .debug_info    0x00008be7      0xb4b ./Drivers/STM32WLxx_HAL_Driver/stm32wlxx_hal_flash_ex.o
 .debug_info    0x00009732      0x708 ./Drivers/STM32WLxx_HAL_Driver/stm32wlxx_hal_gpio.o
 .debug_info    0x00009e3a      0x7eb ./Drivers/STM32WLxx_HAL_Driver/stm32wlxx_hal_ipcc.o
 .debug_info    0x0000a625      0x8e8 ./Drivers/STM32WLxx_HAL_Driver/stm32wlxx_hal_pwr.o
 .debug_info    0x0000af0d      0xde7 ./Drivers/STM32WLxx_HAL_Driver/stm32wlxx_hal_pwr_ex.o
 .debug_info    0x0000bcf4     0x13ef ./Drivers/STM32WLxx_HAL_Driver/stm32wlxx_hal_rcc.o
 .debug_info    0x0000d0e3      0xf21 ./Drivers/STM32WLxx_HAL_Driver/stm32wlxx_hal_rcc_ex.o
 .debug_info    0x0000e004      0xee1 ./Drivers/STM32WLxx_HAL_Driver/stm32wlxx_hal_rtc.o
 .debug_info    0x0000eee5     0x149c ./Drivers/STM32WLxx_HAL_Driver/stm32wlxx_hal_rtc_ex.o
 .debug_info    0x00010381     0x4a83 ./Drivers/STM32WLxx_HAL_Driver/stm32wlxx_hal_uart.o
 .debug_info    0x00014e04      0xffa ./Drivers/STM32WLxx_HAL_Driver/stm32wlxx_hal_uart_ex.o
 .debug_info    0x00015dfe       0xf5 ./LoRaWAN/App/app_lorawan.o
 .debug_info    0x00015ef3      0xa5f ./LoRaWAN/App/lora_app.o
 .debug_info    0x00016952     0x2106 ./MbMux/LmHandler_mbwrapper.o
 .debug_info    0x00018a58      0x735 ./MbMux/mbmux.o
 .debug_info    0x0001918d      0x54d ./MbMux/mbmuxif_lora.o
 .debug_info    0x000196da      0xb0e ./MbMux/mbmuxif_sys.o
 .debug_info    0x0001a1e8      0x9bb ./Utilities/stm32_seq.o

.debug_abbrev   0x00000000     0x4696
 .debug_abbrev  0x00000000      0x13e ./Common/System/system_stm32wlxx.o
 .debug_abbrev  0x0000013e      0x20f ./Core/Src/ipcc_if.o
 .debug_abbrev  0x0000034d      0x303 ./Core/Src/main.o
 .debug_abbrev  0x00000650      0x23c ./Core/Src/stm32wlxx_hal_msp.o
 .debug_abbrev  0x0000088c      0x1ad ./Core/Src/stm32wlxx_it.o
 .debug_abbrev  0x00000a39      0x20f ./Core/Src/sys_app.o
 .debug_abbrev  0x00000c48      0x2d1 ./Core/Src/timer_if.o
 .debug_abbrev  0x00000f19       0x24 ./Core/Startup/startup_stm32wl55jcix.o
 .debug_abbrev  0x00000f3d      0x338 ./Drivers/BSP/STM32WLxx_Nucleo/stm32wlxx_nucleo.o
 .debug_abbrev  0x00001275      0x344 ./Drivers/STM32WLxx_HAL_Driver/stm32wlxx_hal.o
 .debug_abbrev  0x000015b9      0x2e8 ./Drivers/STM32WLxx_HAL_Driver/stm32wlxx_hal_cortex.o
 .debug_abbrev  0x000018a1      0x1cd ./Drivers/STM32WLxx_HAL_Driver/stm32wlxx_hal_exti.o
 .debug_abbrev  0x00001a6e      0x2f8 ./Drivers/STM32WLxx_HAL_Driver/stm32wlxx_hal_flash_ex.o
 .debug_abbrev  0x00001d66      0x1e9 ./Drivers/STM32WLxx_HAL_Driver/stm32wlxx_hal_gpio.o
 .debug_abbrev  0x00001f4f      0x250 ./Drivers/STM32WLxx_HAL_Driver/stm32wlxx_hal_ipcc.o
 .debug_abbrev  0x0000219f      0x209 ./Drivers/STM32WLxx_HAL_Driver/stm32wlxx_hal_pwr.o
 .debug_abbrev  0x000023a8      0x302 ./Drivers/STM32WLxx_HAL_Driver/stm32wlxx_hal_pwr_ex.o
 .debug_abbrev  0x000026aa      0x32d ./Drivers/STM32WLxx_HAL_Driver/stm32wlxx_hal_rcc.o
 .debug_abbrev  0x000029d7      0x2cb ./Drivers/STM32WLxx_HAL_Driver/stm32wlxx_hal_rcc_ex.o
 .debug_abbrev  0x00002ca2      0x229 ./Drivers/STM32WLxx_HAL_Driver/stm32wlxx_hal_rtc.o
 .debug_abbrev  0x00002ecb      0x24a ./Drivers/STM32WLxx_HAL_Driver/stm32wlxx_hal_rtc_ex.o
 .debug_abbrev  0x00003115      0x352 ./Drivers/STM32WLxx_HAL_Driver/stm32wlxx_hal_uart.o
 .debug_abbrev  0x00003467      0x2d2 ./Drivers/STM32WLxx_HAL_Driver/stm32wlxx_hal_uart_ex.o
 .debug_abbrev  0x00003739       0xab ./LoRaWAN/App/app_lorawan.o
 .debug_abbrev  0x000037e4      0x206 ./LoRaWAN/App/lora_app.o
 .debug_abbrev  0x000039ea      0x2ce ./MbMux/LmHandler_mbwrapper.o
 .debug_abbrev  0x00003cb8      0x24c ./MbMux/mbmux.o
 .debug_abbrev  0x00003f04      0x1e1 ./MbMux/mbmuxif_lora.o
 .debug_abbrev  0x000040e5      0x319 ./MbMux/mbmuxif_sys.o
 .debug_abbrev  0x000043fe      0x298 ./Utilities/stm32_seq.o

.debug_aranges  0x00000000     0x1b08
 .debug_aranges
                0x00000000       0x28 ./Common/System/system_stm32wlxx.o
 .debug_aranges
                0x00000028       0x60 ./Core/Src/ipcc_if.o
 .debug_aranges
                0x00000088       0x58 ./Core/Src/main.o
 .debug_aranges
                0x000000e0       0x98 ./Core/Src/stm32wlxx_hal_msp.o
 .debug_aranges
                0x00000178       0x90 ./Core/Src/stm32wlxx_it.o
 .debug_aranges
                0x00000208       0x58 ./Core/Src/sys_app.o
 .debug_aranges
                0x00000260       0xb0 ./Core/Src/timer_if.o
 .debug_aranges
                0x00000310       0x28 ./Core/Startup/startup_stm32wl55jcix.o
 .debug_aranges
                0x00000338       0xe0 ./Drivers/BSP/STM32WLxx_Nucleo/stm32wlxx_nucleo.o
 .debug_aranges
                0x00000418      0x240 ./Drivers/STM32WLxx_HAL_Driver/stm32wlxx_hal.o
 .debug_aranges
                0x00000658      0x118 ./Drivers/STM32WLxx_HAL_Driver/stm32wlxx_hal_cortex.o
 .debug_aranges
                0x00000770       0x60 ./Drivers/STM32WLxx_HAL_Driver/stm32wlxx_hal_exti.o
 .debug_aranges
                0x000007d0      0x138 ./Drivers/STM32WLxx_HAL_Driver/stm32wlxx_hal_flash_ex.o
 .debug_aranges
                0x00000908       0x60 ./Drivers/STM32WLxx_HAL_Driver/stm32wlxx_hal_gpio.o
 .debug_aranges
                0x00000968       0xa0 ./Drivers/STM32WLxx_HAL_Driver/stm32wlxx_hal_ipcc.o
 .debug_aranges
                0x00000a08       0xc8 ./Drivers/STM32WLxx_HAL_Driver/stm32wlxx_hal_pwr.o
 .debug_aranges
                0x00000ad0      0x200 ./Drivers/STM32WLxx_HAL_Driver/stm32wlxx_hal_pwr_ex.o
 .debug_aranges
                0x00000cd0      0x230 ./Drivers/STM32WLxx_HAL_Driver/stm32wlxx_hal_rcc.o
 .debug_aranges
                0x00000f00      0x1e8 ./Drivers/STM32WLxx_HAL_Driver/stm32wlxx_hal_rcc_ex.o
 .debug_aranges
                0x000010e8       0xe8 ./Drivers/STM32WLxx_HAL_Driver/stm32wlxx_hal_rtc.o
 .debug_aranges
                0x000011d0      0x1b0 ./Drivers/STM32WLxx_HAL_Driver/stm32wlxx_hal_rtc_ex.o
 .debug_aranges
                0x00001380      0x258 ./Drivers/STM32WLxx_HAL_Driver/stm32wlxx_hal_uart.o
 .debug_aranges
                0x000015d8       0xa8 ./Drivers/STM32WLxx_HAL_Driver/stm32wlxx_hal_uart_ex.o
 .debug_aranges
                0x00001680       0x28 ./LoRaWAN/App/app_lorawan.o
 .debug_aranges
                0x000016a8       0x78 ./LoRaWAN/App/lora_app.o
 .debug_aranges
                0x00001720      0x1c0 ./MbMux/LmHandler_mbwrapper.o
 .debug_aranges
                0x000018e0       0x80 ./MbMux/mbmux.o
 .debug_aranges
                0x00001960       0x50 ./MbMux/mbmuxif_lora.o
 .debug_aranges
                0x000019b0       0xb0 ./MbMux/mbmuxif_sys.o
 .debug_aranges
                0x00001a60       0xa8 ./Utilities/stm32_seq.o

.debug_rnglists
                0x00000000     0x1453
 .debug_rnglists
                0x00000000       0x1a ./Common/System/system_stm32wlxx.o
 .debug_rnglists
                0x0000001a       0x43 ./Core/Src/ipcc_if.o
 .debug_rnglists
                0x0000005d       0x40 ./Core/Src/main.o
 .debug_rnglists
                0x0000009d       0x6e ./Core/Src/stm32wlxx_hal_msp.o
 .debug_rnglists
                0x0000010b       0x67 ./Core/Src/stm32wlxx_it.o
 .debug_rnglists
                0x00000172       0x3d ./Core/Src/sys_app.o
 .debug_rnglists
                0x000001af       0x81 ./Core/Src/timer_if.o
 .debug_rnglists
                0x00000230       0x19 ./Core/Startup/startup_stm32wl55jcix.o
 .debug_rnglists
                0x00000249       0xa4 ./Drivers/BSP/STM32WLxx_Nucleo/stm32wlxx_nucleo.o
 .debug_rnglists
                0x000002ed      0x1ab ./Drivers/STM32WLxx_HAL_Driver/stm32wlxx_hal.o
 .debug_rnglists
                0x00000498       0xce ./Drivers/STM32WLxx_HAL_Driver/stm32wlxx_hal_cortex.o
 .debug_rnglists
                0x00000566       0x46 ./Drivers/STM32WLxx_HAL_Driver/stm32wlxx_hal_exti.o
 .debug_rnglists
                0x000005ac       0xec ./Drivers/STM32WLxx_HAL_Driver/stm32wlxx_hal_flash_ex.o
 .debug_rnglists
                0x00000698       0x45 ./Drivers/STM32WLxx_HAL_Driver/stm32wlxx_hal_gpio.o
 .debug_rnglists
                0x000006dd       0x78 ./Drivers/STM32WLxx_HAL_Driver/stm32wlxx_hal_ipcc.o
 .debug_rnglists
                0x00000755       0x91 ./Drivers/STM32WLxx_HAL_Driver/stm32wlxx_hal_pwr.o
 .debug_rnglists
                0x000007e6      0x180 ./Drivers/STM32WLxx_HAL_Driver/stm32wlxx_hal_pwr_ex.o
 .debug_rnglists
                0x00000966      0x1a6 ./Drivers/STM32WLxx_HAL_Driver/stm32wlxx_hal_rcc.o
 .debug_rnglists
                0x00000b0c      0x16e ./Drivers/STM32WLxx_HAL_Driver/stm32wlxx_hal_rcc_ex.o
 .debug_rnglists
                0x00000c7a       0xb3 ./Drivers/STM32WLxx_HAL_Driver/stm32wlxx_hal_rtc.o
 .debug_rnglists
                0x00000d2d      0x14e ./Drivers/STM32WLxx_HAL_Driver/stm32wlxx_hal_rtc_ex.o
 .debug_rnglists
                0x00000e7b      0x206 ./Drivers/STM32WLxx_HAL_Driver/stm32wlxx_hal_uart.o
 .debug_rnglists
                0x00001081       0x7f ./Drivers/STM32WLxx_HAL_Driver/stm32wlxx_hal_uart_ex.o
 .debug_rnglists
                0x00001100       0x19 ./LoRaWAN/App/app_lorawan.o
 .debug_rnglists
                0x00001119       0x55 ./LoRaWAN/App/lora_app.o
 .debug_rnglists
                0x0000116e      0x151 ./MbMux/LmHandler_mbwrapper.o
 .debug_rnglists
                0x000012bf       0x5f ./MbMux/mbmux.o
 .debug_rnglists
                0x0000131e       0x38 ./MbMux/mbmuxif_lora.o
 .debug_rnglists
                0x00001356       0x81 ./MbMux/mbmuxif_sys.o
 .debug_rnglists
                0x000013d7       0x7c ./Utilities/stm32_seq.o

.debug_macro    0x00000000    0x218af
 .debug_macro   0x00000000      0x228 ./Common/System/system_stm32wlxx.o
 .debug_macro   0x00000228      0xab4 ./Common/System/system_stm32wlxx.o
 .debug_macro   0x00000cdc       0x2e ./Common/System/system_stm32wlxx.o
 .debug_macro   0x00000d0a       0x3a ./Common/System/system_stm32wlxx.o
 .debug_macro   0x00000d44       0x22 ./Common/System/system_stm32wlxx.o
 .debug_macro   0x00000d66       0x8e ./Common/System/system_stm32wlxx.o
 .debug_macro   0x00000df4       0x51 ./Common/System/system_stm32wlxx.o
 .debug_macro   0x00000e45      0x103 ./Common/System/system_stm32wlxx.o
 .debug_macro   0x00000f48       0x6a ./Common/System/system_stm32wlxx.o
 .debug_macro   0x00000fb2      0x1df ./Common/System/system_stm32wlxx.o
 .debug_macro   0x00001191       0x1c ./Common/System/system_stm32wlxx.o
 .debug_macro   0x000011ad       0x22 ./Common/System/system_stm32wlxx.o
 .debug_macro   0x000011cf       0xfb ./Common/System/system_stm32wlxx.o
 .debug_macro   0x000012ca     0x1011 ./Common/System/system_stm32wlxx.o
 .debug_macro   0x000022db      0x11f ./Common/System/system_stm32wlxx.o
 .debug_macro   0x000023fa     0xf31a ./Common/System/system_stm32wlxx.o
 .debug_macro   0x00011714       0x6d ./Common/System/system_stm32wlxx.o
 .debug_macro   0x00011781      0x12a ./Common/System/system_stm32wlxx.o
 .debug_macro   0x000118ab     0x341d ./Common/System/system_stm32wlxx.o
 .debug_macro   0x00014cc8      0x189 ./Common/System/system_stm32wlxx.o
 .debug_macro   0x00014e51       0x5c ./Common/System/system_stm32wlxx.o
 .debug_macro   0x00014ead      0x416 ./Common/System/system_stm32wlxx.o
 .debug_macro   0x000152c3      0x29c ./Common/System/system_stm32wlxx.o
 .debug_macro   0x0001555f      0x35a ./Common/System/system_stm32wlxx.o
 .debug_macro   0x000158b9      0x196 ./Common/System/system_stm32wlxx.o
 .debug_macro   0x00015a4f       0x4a ./Common/System/system_stm32wlxx.o
 .debug_macro   0x00015a99      0x236 ./Common/System/system_stm32wlxx.o
 .debug_macro   0x00015ccf      0x229 ./Common/System/system_stm32wlxx.o
 .debug_macro   0x00015ef8      0x3fa ./Common/System/system_stm32wlxx.o
 .debug_macro   0x000162f2       0x2e ./Common/System/system_stm32wlxx.o
 .debug_macro   0x00016320      0x107 ./Common/System/system_stm32wlxx.o
 .debug_macro   0x00016427      0x1ba ./Common/System/system_stm32wlxx.o
 .debug_macro   0x000165e1       0xe6 ./Common/System/system_stm32wlxx.o
 .debug_macro   0x000166c7       0x4a ./Common/System/system_stm32wlxx.o
 .debug_macro   0x00016711      0x283 ./Common/System/system_stm32wlxx.o
 .debug_macro   0x00016994      0x133 ./Common/System/system_stm32wlxx.o
 .debug_macro   0x00016ac7      0x36f ./Common/System/system_stm32wlxx.o
 .debug_macro   0x00016e36      0x683 ./Common/System/system_stm32wlxx.o
 .debug_macro   0x000174b9      0x20e ./Common/System/system_stm32wlxx.o
 .debug_macro   0x000176c7      0xfb4 ./Common/System/system_stm32wlxx.o
 .debug_macro   0x0001867b      0x136 ./Common/System/system_stm32wlxx.o
 .debug_macro   0x000187b1      0x2db ./Common/System/system_stm32wlxx.o
 .debug_macro   0x00018a8c      0x32f ./Common/System/system_stm32wlxx.o
 .debug_macro   0x00018dbb      0x679 ./Common/System/system_stm32wlxx.o
 .debug_macro   0x00019434       0xeb ./Common/System/system_stm32wlxx.o
 .debug_macro   0x0001951f      0x693 ./Common/System/system_stm32wlxx.o
 .debug_macro   0x00019bb2       0xa6 ./Common/System/system_stm32wlxx.o
 .debug_macro   0x00019c58      0x45a ./Common/System/system_stm32wlxx.o
 .debug_macro   0x0001a0b2      0x3c0 ./Common/System/system_stm32wlxx.o
 .debug_macro   0x0001a472      0x357 ./Core/Src/ipcc_if.o
 .debug_macro   0x0001a7c9       0x5b ./Core/Src/ipcc_if.o
 .debug_macro   0x0001a824       0x24 ./Core/Src/ipcc_if.o
 .debug_macro   0x0001a848       0x94 ./Core/Src/ipcc_if.o
 .debug_macro   0x0001a8dc       0x43 ./Core/Src/ipcc_if.o
 .debug_macro   0x0001a91f       0x34 ./Core/Src/ipcc_if.o
 .debug_macro   0x0001a953       0x1c ./Core/Src/ipcc_if.o
 .debug_macro   0x0001a96f       0x22 ./Core/Src/ipcc_if.o
 .debug_macro   0x0001a991       0x57 ./Core/Src/ipcc_if.o
 .debug_macro   0x0001a9e8       0x52 ./Core/Src/ipcc_if.o
 .debug_macro   0x0001aa3a       0x22 ./Core/Src/ipcc_if.o
 .debug_macro   0x0001aa5c      0x1a1 ./Core/Src/ipcc_if.o
 .debug_macro   0x0001abfd       0x1c ./Core/Src/ipcc_if.o
 .debug_macro   0x0001ac19       0x35 ./Core/Src/ipcc_if.o
 .debug_macro   0x0001ac4e      0x369 ./Core/Src/ipcc_if.o
 .debug_macro   0x0001afb7       0x10 ./Core/Src/ipcc_if.o
 .debug_macro   0x0001afc7       0x16 ./Core/Src/ipcc_if.o
 .debug_macro   0x0001afdd       0x43 ./Core/Src/ipcc_if.o
 .debug_macro   0x0001b020       0x34 ./Core/Src/ipcc_if.o
 .debug_macro   0x0001b054       0x10 ./Core/Src/ipcc_if.o
 .debug_macro   0x0001b064       0x58 ./Core/Src/ipcc_if.o
 .debug_macro   0x0001b0bc       0x8e ./Core/Src/ipcc_if.o
 .debug_macro   0x0001b14a       0x16 ./Core/Src/ipcc_if.o
 .debug_macro   0x0001b160      0x177 ./Core/Src/ipcc_if.o
 .debug_macro   0x0001b2d7       0x16 ./Core/Src/ipcc_if.o
 .debug_macro   0x0001b2ed       0x16 ./Core/Src/ipcc_if.o
 .debug_macro   0x0001b303      0x146 ./Core/Src/ipcc_if.o
 .debug_macro   0x0001b449       0x2e ./Core/Src/ipcc_if.o
 .debug_macro   0x0001b477      0x14a ./Core/Src/ipcc_if.o
 .debug_macro   0x0001b5c1      0x33a ./Core/Src/main.o
 .debug_macro   0x0001b8fb       0x61 ./Core/Src/main.o
 .debug_macro   0x0001b95c       0x16 ./Core/Src/main.o
 .debug_macro   0x0001b972      0x330 ./Core/Src/stm32wlxx_hal_msp.o
 .debug_macro   0x0001bca2      0x33a ./Core/Src/stm32wlxx_it.o
 .debug_macro   0x0001bfdc      0x513 ./Core/Src/sys_app.o
 .debug_macro   0x0001c4ef       0x9e ./Core/Src/sys_app.o
 .debug_macro   0x0001c58d      0x10b ./Core/Src/sys_app.o
 .debug_macro   0x0001c698       0x52 ./Core/Src/sys_app.o
 .debug_macro   0x0001c6ea       0x10 ./Core/Src/sys_app.o
 .debug_macro   0x0001c6fa       0x22 ./Core/Src/sys_app.o
 .debug_macro   0x0001c71c       0x16 ./Core/Src/sys_app.o
 .debug_macro   0x0001c732       0x10 ./Core/Src/sys_app.o
 .debug_macro   0x0001c742       0x10 ./Core/Src/sys_app.o
 .debug_macro   0x0001c752       0x10 ./Core/Src/sys_app.o
 .debug_macro   0x0001c762       0x1c ./Core/Src/sys_app.o
 .debug_macro   0x0001c77e       0x52 ./Core/Src/sys_app.o
 .debug_macro   0x0001c7d0       0x22 ./Core/Src/sys_app.o
 .debug_macro   0x0001c7f2       0x10 ./Core/Src/sys_app.o
 .debug_macro   0x0001c802       0x52 ./Core/Src/sys_app.o
 .debug_macro   0x0001c854       0xc1 ./Core/Src/sys_app.o
 .debug_macro   0x0001c915       0x1c ./Core/Src/sys_app.o
 .debug_macro   0x0001c931       0x3d ./Core/Src/sys_app.o
 .debug_macro   0x0001c96e       0x35 ./Core/Src/sys_app.o
 .debug_macro   0x0001c9a3       0xa6 ./Core/Src/sys_app.o
 .debug_macro   0x0001ca49       0x4c ./Core/Src/sys_app.o
 .debug_macro   0x0001ca95       0x16 ./Core/Src/sys_app.o
 .debug_macro   0x0001caab       0x26 ./Core/Src/sys_app.o
 .debug_macro   0x0001cad1      0x49f ./Core/Src/timer_if.o
 .debug_macro   0x0001cf70      0x19b ./Core/Src/timer_if.o
 .debug_macro   0x0001d10b       0x10 ./Core/Src/timer_if.o
 .debug_macro   0x0001d11b      0x4d0 ./Core/Src/timer_if.o
 .debug_macro   0x0001d5eb      0x255 ./Drivers/BSP/STM32WLxx_Nucleo/stm32wlxx_nucleo.o
 .debug_macro   0x0001d840       0x1c ./Drivers/BSP/STM32WLxx_Nucleo/stm32wlxx_nucleo.o
 .debug_macro   0x0001d85c      0x24c ./Drivers/STM32WLxx_HAL_Driver/stm32wlxx_hal.o
 .debug_macro   0x0001daa8      0x228 ./Drivers/STM32WLxx_HAL_Driver/stm32wlxx_hal_cortex.o
 .debug_macro   0x0001dcd0      0x234 ./Drivers/STM32WLxx_HAL_Driver/stm32wlxx_hal_exti.o
 .debug_macro   0x0001df04      0x228 ./Drivers/STM32WLxx_HAL_Driver/stm32wlxx_hal_flash_ex.o
 .debug_macro   0x0001e12c      0x22e ./Drivers/STM32WLxx_HAL_Driver/stm32wlxx_hal_gpio.o
 .debug_macro   0x0001e35a      0x23a ./Drivers/STM32WLxx_HAL_Driver/stm32wlxx_hal_ipcc.o
 .debug_macro   0x0001e594      0x282 ./Drivers/STM32WLxx_HAL_Driver/stm32wlxx_hal_pwr.o
 .debug_macro   0x0001e816      0x23a ./Drivers/STM32WLxx_HAL_Driver/stm32wlxx_hal_pwr_ex.o
 .debug_macro   0x0001ea50      0x288 ./Drivers/STM32WLxx_HAL_Driver/stm32wlxx_hal_rcc.o
 .debug_macro   0x0001ecd8      0x23a ./Drivers/STM32WLxx_HAL_Driver/stm32wlxx_hal_rcc_ex.o
 .debug_macro   0x0001ef12      0x229 ./Drivers/STM32WLxx_HAL_Driver/stm32wlxx_hal_rtc.o
 .debug_macro   0x0001f13b      0x22f ./Drivers/STM32WLxx_HAL_Driver/stm32wlxx_hal_rtc_ex.o
 .debug_macro   0x0001f36a      0x253 ./Drivers/STM32WLxx_HAL_Driver/stm32wlxx_hal_uart.o
 .debug_macro   0x0001f5bd      0x234 ./Drivers/STM32WLxx_HAL_Driver/stm32wlxx_hal_uart_ex.o
 .debug_macro   0x0001f7f1      0x388 ./LoRaWAN/App/app_lorawan.o
 .debug_macro   0x0001fb79      0x584 ./LoRaWAN/App/lora_app.o
 .debug_macro   0x000200fd       0x46 ./LoRaWAN/App/lora_app.o
 .debug_macro   0x00020143       0x3a ./LoRaWAN/App/lora_app.o
 .debug_macro   0x0002017d       0x10 ./LoRaWAN/App/lora_app.o
 .debug_macro   0x0002018d       0x16 ./LoRaWAN/App/lora_app.o
 .debug_macro   0x000201a3       0x22 ./LoRaWAN/App/lora_app.o
 .debug_macro   0x000201c5       0x34 ./LoRaWAN/App/lora_app.o
 .debug_macro   0x000201f9       0xe0 ./LoRaWAN/App/lora_app.o
 .debug_macro   0x000202d9      0x5e6 ./MbMux/LmHandler_mbwrapper.o
 .debug_macro   0x000208bf      0x3ee ./MbMux/mbmux.o
 .debug_macro   0x00020cad      0x5a4 ./MbMux/mbmuxif_lora.o
 .debug_macro   0x00021251       0x5e ./MbMux/mbmuxif_lora.o
 .debug_macro   0x000212af      0x42b ./MbMux/mbmuxif_sys.o
 .debug_macro   0x000216da      0x1b9 ./Utilities/stm32_seq.o
 .debug_macro   0x00021893       0x1c ./Utilities/stm32_seq.o

.debug_line     0x00000000    0x1d483
 .debug_line    0x00000000      0x8dd ./Common/System/system_stm32wlxx.o
 .debug_line    0x000008dd      0xb04 ./Core/Src/ipcc_if.o
 .debug_line    0x000013e1      0xb61 ./Core/Src/main.o
 .debug_line    0x00001f42      0xbc9 ./Core/Src/stm32wlxx_hal_msp.o
 .debug_line    0x00002b0b      0xb23 ./Core/Src/stm32wlxx_it.o
 .debug_line    0x0000362e      0xd47 ./Core/Src/sys_app.o
 .debug_line    0x00004375      0xdff ./Core/Src/timer_if.o
 .debug_line    0x00005174       0x7b ./Core/Startup/startup_stm32wl55jcix.o
 .debug_line    0x000051ef      0xc54 ./Drivers/BSP/STM32WLxx_Nucleo/stm32wlxx_nucleo.o
 .debug_line    0x00005e43      0xfc7 ./Drivers/STM32WLxx_HAL_Driver/stm32wlxx_hal.o
 .debug_line    0x00006e0a      0xdd6 ./Drivers/STM32WLxx_HAL_Driver/stm32wlxx_hal_cortex.o
 .debug_line    0x00007be0      0xbba ./Drivers/STM32WLxx_HAL_Driver/stm32wlxx_hal_exti.o
 .debug_line    0x0000879a      0xf4b ./Drivers/STM32WLxx_HAL_Driver/stm32wlxx_hal_flash_ex.o
 .debug_line    0x000096e5      0xc6b ./Drivers/STM32WLxx_HAL_Driver/stm32wlxx_hal_gpio.o
 .debug_line    0x0000a350      0xbfa ./Drivers/STM32WLxx_HAL_Driver/stm32wlxx_hal_ipcc.o
 .debug_line    0x0000af4a      0xabd ./Drivers/STM32WLxx_HAL_Driver/stm32wlxx_hal_pwr.o
 .debug_line    0x0000ba07      0xf6f ./Drivers/STM32WLxx_HAL_Driver/stm32wlxx_hal_pwr_ex.o
 .debug_line    0x0000c976     0x17ed ./Drivers/STM32WLxx_HAL_Driver/stm32wlxx_hal_rcc.o
 .debug_line    0x0000e163     0x14af ./Drivers/STM32WLxx_HAL_Driver/stm32wlxx_hal_rcc_ex.o
 .debug_line    0x0000f612     0x10a2 ./Drivers/STM32WLxx_HAL_Driver/stm32wlxx_hal_rtc.o
 .debug_line    0x000106b4     0x1559 ./Drivers/STM32WLxx_HAL_Driver/stm32wlxx_hal_rtc_ex.o
 .debug_line    0x00011c0d     0x3cd7 ./Drivers/STM32WLxx_HAL_Driver/stm32wlxx_hal_uart.o
 .debug_line    0x000158e4      0xe99 ./Drivers/STM32WLxx_HAL_Driver/stm32wlxx_hal_uart_ex.o
 .debug_line    0x0001677d      0xa76 ./LoRaWAN/App/app_lorawan.o
 .debug_line    0x000171f3      0xe74 ./LoRaWAN/App/lora_app.o
 .debug_line    0x00018067     0x1c04 ./MbMux/LmHandler_mbwrapper.o
 .debug_line    0x00019c6b      0xefd ./MbMux/mbmux.o
 .debug_line    0x0001ab68      0xeb8 ./MbMux/mbmuxif_lora.o
 .debug_line    0x0001ba20      0xe33 ./MbMux/mbmuxif_sys.o
 .debug_line    0x0001c853      0xc30 ./Utilities/stm32_seq.o

.debug_str      0x00000000    0xc18f0
 .debug_str     0x00000000    0xae730 ./Common/System/system_stm32wlxx.o
                              0xaef45 (size before relaxing)
 .debug_str     0x000ae730     0x4ffa ./Core/Src/ipcc_if.o
                              0xb3cdf (size before relaxing)
 .debug_str     0x000b372a      0xaab ./Core/Src/main.o
                              0xb3fdc (size before relaxing)
 .debug_str     0x000b41d5      0x8fe ./Core/Src/stm32wlxx_hal_msp.o
                              0xb4333 (size before relaxing)
 .debug_str     0x000b4ad3      0x197 ./Core/Src/stm32wlxx_it.o
                              0xb361a (size before relaxing)
 .debug_str     0x000b4c6a     0x1eff ./Core/Src/sys_app.o
                              0xb581f (size before relaxing)
 .debug_str     0x000b6b69     0x29d2 ./Core/Src/timer_if.o
                              0xb73e0 (size before relaxing)
 .debug_str     0x000b953b       0x44 ./Core/Startup/startup_stm32wl55jcix.o
                                 0x88 (size before relaxing)
 .debug_str     0x000b957f      0x3e1 ./Drivers/BSP/STM32WLxx_Nucleo/stm32wlxx_nucleo.o
                              0xb0bd8 (size before relaxing)
 .debug_str     0x000b9960      0x8f7 ./Drivers/STM32WLxx_HAL_Driver/stm32wlxx_hal.o
                              0xafd28 (size before relaxing)
 .debug_str     0x000ba257      0x385 ./Drivers/STM32WLxx_HAL_Driver/stm32wlxx_hal_cortex.o
                              0xaf626 (size before relaxing)
 .debug_str     0x000ba5dc      0x18b ./Drivers/STM32WLxx_HAL_Driver/stm32wlxx_hal_exti.o
                              0xaefbe (size before relaxing)
 .debug_str     0x000ba767      0x6f2 ./Drivers/STM32WLxx_HAL_Driver/stm32wlxx_hal_flash_ex.o
                              0xaf444 (size before relaxing)
 .debug_str     0x000bae59      0x11e ./Drivers/STM32WLxx_HAL_Driver/stm32wlxx_hal_gpio.o
                              0xaef99 (size before relaxing)
 .debug_str     0x000baf77      0x1dd ./Drivers/STM32WLxx_HAL_Driver/stm32wlxx_hal_ipcc.o
                              0xaf0d4 (size before relaxing)
 .debug_str     0x000bb154      0x55b ./Drivers/STM32WLxx_HAL_Driver/stm32wlxx_hal_pwr.o
                              0xaf398 (size before relaxing)
 .debug_str     0x000bb6af      0x6a0 ./Drivers/STM32WLxx_HAL_Driver/stm32wlxx_hal_pwr_ex.o
                              0xaf6f8 (size before relaxing)
 .debug_str     0x000bbd4f      0xa72 ./Drivers/STM32WLxx_HAL_Driver/stm32wlxx_hal_rcc.o
                              0xafd0c (size before relaxing)
 .debug_str     0x000bc7c1      0x5a0 ./Drivers/STM32WLxx_HAL_Driver/stm32wlxx_hal_rcc_ex.o
                              0xaf867 (size before relaxing)
 .debug_str     0x000bcd61      0x32d ./Drivers/STM32WLxx_HAL_Driver/stm32wlxx_hal_rtc.o
                              0xaf3f7 (size before relaxing)
 .debug_str     0x000bd08e      0x7cd ./Drivers/STM32WLxx_HAL_Driver/stm32wlxx_hal_rtc_ex.o
                              0xaf931 (size before relaxing)
 .debug_str     0x000bd85b      0xa1d ./Drivers/STM32WLxx_HAL_Driver/stm32wlxx_hal_uart.o
                              0xaff7e (size before relaxing)
 .debug_str     0x000be278      0x2a2 ./Drivers/STM32WLxx_HAL_Driver/stm32wlxx_hal_uart_ex.o
                              0xaf677 (size before relaxing)
 .debug_str     0x000be51a       0x2d ./LoRaWAN/App/app_lorawan.o
                              0xb3b3e (size before relaxing)
 .debug_str     0x000be547     0x1267 ./LoRaWAN/App/lora_app.o
                              0xb6490 (size before relaxing)
 .debug_str     0x000bf7ae     0x1475 ./MbMux/LmHandler_mbwrapper.o
                              0xb7843 (size before relaxing)
 .debug_str     0x000c0c23      0x2e7 ./MbMux/mbmux.o
                              0xb479a (size before relaxing)
 .debug_str     0x000c0f0a      0x3de ./MbMux/mbmuxif_lora.o
                              0xb61d9 (size before relaxing)
 .debug_str     0x000c12e8      0x26a ./MbMux/mbmuxif_sys.o
                              0xb4f1f (size before relaxing)
 .debug_str     0x000c1552      0x39e ./Utilities/stm32_seq.o
                               0x8778 (size before relaxing)

.comment        0x00000000       0x43
 .comment       0x00000000       0x43 ./Common/System/system_stm32wlxx.o
                                 0x44 (size before relaxing)
 .comment       0x00000043       0x44 ./Core/Src/ipcc_if.o
 .comment       0x00000043       0x44 ./Core/Src/main.o
 .comment       0x00000043       0x44 ./Core/Src/stm32wlxx_hal_msp.o
 .comment       0x00000043       0x44 ./Core/Src/stm32wlxx_it.o
 .comment       0x00000043       0x44 ./Core/Src/sys_app.o
 .comment       0x00000043       0x44 ./Core/Src/timer_if.o
 .comment       0x00000043       0x44 ./Drivers/BSP/STM32WLxx_Nucleo/stm32wlxx_nucleo.o
 .comment       0x00000043       0x44 ./Drivers/STM32WLxx_HAL_Driver/stm32wlxx_hal.o
 .comment       0x00000043       0x44 ./Drivers/STM32WLxx_HAL_Driver/stm32wlxx_hal_cortex.o
 .comment       0x00000043       0x44 ./Drivers/STM32WLxx_HAL_Driver/stm32wlxx_hal_exti.o
 .comment       0x00000043       0x44 ./Drivers/STM32WLxx_HAL_Driver/stm32wlxx_hal_flash_ex.o
 .comment       0x00000043       0x44 ./Drivers/STM32WLxx_HAL_Driver/stm32wlxx_hal_gpio.o
 .comment       0x00000043       0x44 ./Drivers/STM32WLxx_HAL_Driver/stm32wlxx_hal_ipcc.o
 .comment       0x00000043       0x44 ./Drivers/STM32WLxx_HAL_Driver/stm32wlxx_hal_pwr.o
 .comment       0x00000043       0x44 ./Drivers/STM32WLxx_HAL_Driver/stm32wlxx_hal_pwr_ex.o
 .comment       0x00000043       0x44 ./Drivers/STM32WLxx_HAL_Driver/stm32wlxx_hal_rcc.o
 .comment       0x00000043       0x44 ./Drivers/STM32WLxx_HAL_Driver/stm32wlxx_hal_rcc_ex.o
 .comment       0x00000043       0x44 ./Drivers/STM32WLxx_HAL_Driver/stm32wlxx_hal_rtc.o
 .comment       0x00000043       0x44 ./Drivers/STM32WLxx_HAL_Driver/stm32wlxx_hal_rtc_ex.o
 .comment       0x00000043       0x44 ./Drivers/STM32WLxx_HAL_Driver/stm32wlxx_hal_uart.o
 .comment       0x00000043       0x44 ./Drivers/STM32WLxx_HAL_Driver/stm32wlxx_hal_uart_ex.o
 .comment       0x00000043       0x44 ./LoRaWAN/App/app_lorawan.o
 .comment       0x00000043       0x44 ./LoRaWAN/App/lora_app.o
 .comment       0x00000043       0x44 ./MbMux/LmHandler_mbwrapper.o
 .comment       0x00000043       0x44 ./MbMux/mbmux.o
 .comment       0x00000043       0x44 ./MbMux/mbmuxif_lora.o
 .comment       0x00000043       0x44 ./MbMux/mbmuxif_sys.o
 .comment       0x00000043       0x44 ./Utilities/stm32_seq.o

.debug_frame    0x00000000     0x6f9c
 .debug_frame   0x00000000       0x58 ./Common/System/system_stm32wlxx.o
 .debug_frame   0x00000058      0x15c ./Core/Src/ipcc_if.o
 .debug_frame   0x000001b4      0x110 ./Core/Src/main.o
 .debug_frame   0x000002c4      0x260 ./Core/Src/stm32wlxx_hal_msp.o
 .debug_frame   0x00000524      0x1ac ./Core/Src/stm32wlxx_it.o
 .debug_frame   0x000006d0      0x130 ./Core/Src/sys_app.o
 .debug_frame   0x00000800      0x2dc ./Core/Src/timer_if.o
 .debug_frame   0x00000adc      0x38c ./Drivers/BSP/STM32WLxx_Nucleo/stm32wlxx_nucleo.o
 .debug_frame   0x00000e68      0x948 ./Drivers/STM32WLxx_HAL_Driver/stm32wlxx_hal.o
 .debug_frame   0x000017b0      0x498 ./Drivers/STM32WLxx_HAL_Driver/stm32wlxx_hal_cortex.o
 .debug_frame   0x00001c48      0x174 ./Drivers/STM32WLxx_HAL_Driver/stm32wlxx_hal_exti.o
 .debug_frame   0x00001dbc      0x534 ./Drivers/STM32WLxx_HAL_Driver/stm32wlxx_hal_flash_ex.o
 .debug_frame   0x000022f0      0x174 ./Drivers/STM32WLxx_HAL_Driver/stm32wlxx_hal_gpio.o
 .debug_frame   0x00002464      0x29c ./Drivers/STM32WLxx_HAL_Driver/stm32wlxx_hal_ipcc.o
 .debug_frame   0x00002700      0x31c ./Drivers/STM32WLxx_HAL_Driver/stm32wlxx_hal_pwr.o