../LoRaWAN/App/lora_app.c:162:6:LoRaWAN_Init	8	static
../LoRaWAN/App/lora_app.c:189:13:OnRxData	16	static
../LoRaWAN/App/lora_app.c:199:13:OnTxData	16	static
../LoRaWAN/App/lora_app.c:205:13:OnJoinRequest	16	static
../LoRaWAN/App/lora_app.c:211:13:OnBeaconStatusChange	16	static
../LoRaWAN/App/lora_app.c:217:13:OnSysTimeUpdate	4	static
../LoRaWAN/App/lora_app.c:224:13:OnClassChange	16	static
../LoRaWAN/App/lora_app.c:230:13:OnMacProcessNotify	4	static
../LoRaWAN/App/lora_app.c:237:13:OnTxPeriodicityChanged	16	static
../LoRaWAN/App/lora_app.c:244:13:OnTxFrameCtrlChanged	16	static
../LoRaWAN/App/lora_app.c:251:13:OnPingSlotPeriodicityChanged	16	static
../LoRaWAN/App/lora_app.c:258:13:OnSystemReset	4	static
