../../Drivers/STM32WLxx_HAL_Driver/Inc/stm32wlxx_ll_system.h:1172:26:LL_DBGMCU_GetRevisionID	4	static
../MbMux/mbmuxif_sys.c:125:8:MBMUXIF_SystemInit	96	static
../MbMux/mbmuxif_sys.c:252:8:MBMUXIF_SystemPrio_Add	32	static
../MbMux/mbmuxif_sys.c:311:6:MBMUXIF_SetCpusSynchroFlag	16	static
../MbMux/mbmuxif_sys.c:319:6:MBMUXIF_WaitCm0MbmuxIsInitialized	4	static
../MbMux/mbmuxif_sys.c:329:19:MBMUXIF_GetSystemFeatureCmdComPtr	24	static
../MbMux/mbmuxif_sys.c:342:6:MBMUXIF_SystemAllowSequencerForSysCmd	4	static
../MbMux/mbmuxif_sys.c:350:6:MBMUXIF_SystemSendCmd	16	static
../MbMux/mbmuxif_sys.c:388:6:MBMUXIF_SystemSendAck	16	static
../MbMux/mbmuxif_sys.c:407:19:MBMUXIF_SystemSendCm0plusInfoListReq	16	static
../MbMux/mbmuxif_sys.c:433:20:MBMUXIF_SystemGetFeatCapabInfoPtr	32	static
../MbMux/mbmuxif_sys.c:473:8:MBMUXIF_SystemSendCm0plusRegistrationCmd	32	static
../MbMux/mbmuxif_sys.c:507:13:MBMUXIF_IsrSystemRespRcvCb	16	static
../MbMux/mbmuxif_sys.c:524:13:MBMUXIF_IsrSystemNotifRcvCb	16	static
../MbMux/mbmuxif_sys.c:536:13:MBMUXIF_TaskSystemNotifRcv	8	static
../MbMux/mbmuxif_sys.c:547:13:MBMUXIF_IsrSystemPrioARespRcvCb	16	static
../MbMux/mbmuxif_sys.c:554:13:MBMUXIF_IsrSystemPrioANotifRcvCb	16	static
../MbMux/mbmuxif_sys.c:567:13:MBMUXIF_IsrSystemPrioBRespRcvCb	16	static
../MbMux/mbmuxif_sys.c:574:13:MBMUXIF_IsrSystemPrioBNotifRcvCb	16	static
