../../Drivers/CMSIS/Include/core_cm4.h:1933:34:__NVIC_SystemReset	4	static,ignoring_inline_asm
../LoRaWAN/App/lora_app.c:297:6:LoRaWAN_Init	16	static
../LoRaWAN/App/lora_app.c:374:13:OnRxData	16	static
../LoRaWAN/App/lora_app.c:380:13:SendTxData	4	static
../LoRaWAN/App/lora_app.c:387:13:OnTxTimerEvent	16	static
../LoRaWAN/App/lora_app.c:405:13:OnTxData	16	static
../LoRaWAN/App/lora_app.c:411:13:OnJoinRequest	16	static
../LoRaWAN/App/lora_app.c:417:13:OnBeaconStatusChange	16	static
../LoRaWAN/App/lora_app.c:423:13:OnSysTimeUpdate	4	static
../LoRaWAN/App/lora_app.c:430:13:OnClassChange	16	static
../LoRaWAN/App/lora_app.c:436:13:OnMacProcessNotify	4	static
../LoRaWAN/App/lora_app.c:443:13:OnTxPeriodicityChanged	16	static
../LoRaWAN/App/lora_app.c:465:13:OnTxFrameCtrlChanged	16	static
../LoRaWAN/App/lora_app.c:476:13:OnPingSlotPeriodicityChanged	16	static
../LoRaWAN/App/lora_app.c:487:13:OnSystemReset	8	static
../LoRaWAN/App/lora_app.c:501:13:StopJoin	8	static
../LoRaWAN/App/lora_app.c:536:13:OnStopJoinTimerEvent	16	static
../LoRaWAN/App/lora_app.c:550:13:StoreContext	16	static
../LoRaWAN/App/lora_app.c:572:13:OnNvmDataChange	16	static
../LoRaWAN/App/lora_app.c:590:13:OnStoreContextRequest	16	static
../LoRaWAN/App/lora_app.c:605:13:OnRestoreContextRequest	16	static
