../MbMux/LmHandler_mbwrapper.c:102:24:LmHandlerInit	24	static
../MbMux/LmHandler_mbwrapper.c:146:24:LmHandlerDeInit	16	static
../MbMux/LmHandler_mbwrapper.c:168:24:LmHandlerConfigure	32	static
../MbMux/LmHandler_mbwrapper.c:202:23:LmHandlerJoinStatus	16	static
../MbMux/LmHandler_mbwrapper.c:224:6:LmHandlerJoin	32	static
../MbMux/LmHandler_mbwrapper.c:249:24:LmHandlerStop	16	static
../MbMux/LmHandler_mbwrapper.c:271:24:LmHandlerHalt	16	static
../MbMux/LmHandler_mbwrapper.c:293:6:LmHandlerIsBusy	16	static
../MbMux/LmHandler_mbwrapper.c:316:24:LmHandlerSend	32	static
../MbMux/LmHandler_mbwrapper.c:360:6:LmHandlerProcess	16	static
../MbMux/LmHandler_mbwrapper.c:380:13:LmHandlerGetDutyCycleWaitTime	16	static
../MbMux/LmHandler_mbwrapper.c:402:24:LmHandlerRequestClass	32	static
../MbMux/LmHandler_mbwrapper.c:428:24:LmHandlerGetCurrentClass	32	static
../MbMux/LmHandler_mbwrapper.c:464:24:LmHandlerGetDevEUI	32	static
../MbMux/LmHandler_mbwrapper.c:500:24:LmHandlerSetDevEUI	32	static
../MbMux/LmHandler_mbwrapper.c:536:24:LmHandlerGetAppEUI	32	static
../MbMux/LmHandler_mbwrapper.c:572:24:LmHandlerSetAppEUI	32	static
../MbMux/LmHandler_mbwrapper.c:608:24:LmHandlerGetKey	32	static
../MbMux/LmHandler_mbwrapper.c:645:24:LmHandlerSetKey	32	static
../MbMux/LmHandler_mbwrapper.c:682:24:LmHandlerGetNetworkID	32	static
../MbMux/LmHandler_mbwrapper.c:718:24:LmHandlerSetNetworkID	32	static
../MbMux/LmHandler_mbwrapper.c:745:24:LmHandlerGetDevAddr	32	static
../MbMux/LmHandler_mbwrapper.c:781:24:LmHandlerSetDevAddr	32	static
../MbMux/LmHandler_mbwrapper.c:808:24:LmHandlerGetActiveRegion	32	static
../MbMux/LmHandler_mbwrapper.c:844:24:LmHandlerSetActiveRegion	32	static
../MbMux/LmHandler_mbwrapper.c:874:24:LmHandlerGetAdrEnable	32	static
../MbMux/LmHandler_mbwrapper.c:910:24:LmHandlerSetAdrEnable	32	static
../MbMux/LmHandler_mbwrapper.c:937:24:LmHandlerGetTxDatarate	32	static
../MbMux/LmHandler_mbwrapper.c:973:24:LmHandlerSetTxDatarate	32	static
../MbMux/LmHandler_mbwrapper.c:1000:24:LmHandlerGetDutyCycleEnable	32	static
../MbMux/LmHandler_mbwrapper.c:1036:24:LmHandlerSetDutyCycleEnable	32	static
../MbMux/LmHandler_mbwrapper.c:1063:24:LmHandlerGetRX2Params	32	static
../MbMux/LmHandler_mbwrapper.c:1099:24:LmHandlerGetTxPower	32	static
../MbMux/LmHandler_mbwrapper.c:1135:24:LmHandlerGetRx1Delay	32	static
../MbMux/LmHandler_mbwrapper.c:1171:24:LmHandlerGetRx2Delay	32	static
../MbMux/LmHandler_mbwrapper.c:1207:24:LmHandlerGetJoinRx1Delay	32	static
../MbMux/LmHandler_mbwrapper.c:1243:24:LmHandlerGetJoinRx2Delay	32	static
../MbMux/LmHandler_mbwrapper.c:1279:24:LmHandlerSetRX2Params	32	static
../MbMux/LmHandler_mbwrapper.c:1315:24:LmHandlerSetTxPower	32	static
../MbMux/LmHandler_mbwrapper.c:1342:24:LmHandlerSetRx1Delay	32	static
../MbMux/LmHandler_mbwrapper.c:1369:24:LmHandlerSetRx2Delay	32	static
../MbMux/LmHandler_mbwrapper.c:1396:24:LmHandlerSetJoinRx1Delay	32	static
../MbMux/LmHandler_mbwrapper.c:1423:24:LmHandlerSetJoinRx2Delay	32	static
../MbMux/LmHandler_mbwrapper.c:1450:24:LmHandlerGetPingPeriodicity	32	static
../MbMux/LmHandler_mbwrapper.c:1486:24:LmHandlerSetPingPeriodicity	32	static
../MbMux/LmHandler_mbwrapper.c:1513:24:LmHandlerGetBeaconState	32	static
../MbMux/LmHandler_mbwrapper.c:1549:24:LmHandlerLinkCheckReq	16	static
../MbMux/LmHandler_mbwrapper.c:1571:24:LmHandlerDeviceTimeReq	16	static
../MbMux/LmHandler_mbwrapper.c:1593:24:LmHandlerGetVersion	32	static
../MbMux/LmHandler_mbwrapper.c:1630:24:LmHandlerNvmDataStore	16	static
../MbMux/LmHandler_mbwrapper.c:1653:6:LoraInfo_Init	16	static
../MbMux/LmHandler_mbwrapper.c:1673:13:LoraInfo_GetPtr	16	static
../MbMux/LmHandler_mbwrapper.c:1687:6:Process_Lora_Notif	24	static
