../../Drivers/STM32WLxx_HAL_Driver/Inc/stm32wlxx_ll_system.h:1172:26:LL_DBGMCU_GetRevisionID	4	static
../MbMux/mbmuxif_sys.c:125:8:MBMUXIF_SystemInit	24	static
../MbMux/mbmuxif_sys.c:253:8:MBMUXIF_SystemPrio_Add	32	static
../MbMux/mbmuxif_sys.c:312:6:MBMUXIF_SetCpusSynchroFlag	16	static
../MbMux/mbmuxif_sys.c:320:6:MBMUXIF_WaitCm0MbmuxIsInitialized	4	static
../MbMux/mbmuxif_sys.c:330:19:MBMUXIF_GetSystemFeatureCmdComPtr	24	static
../MbMux/mbmuxif_sys.c:343:6:MBMUXIF_SystemAllowSequencerForSysCmd	4	static
../MbMux/mbmuxif_sys.c:351:6:MBMUXIF_SystemSendCmd	16	static
../MbMux/mbmuxif_sys.c:389:6:MBMUXIF_SystemSendAck	16	static
../MbMux/mbmuxif_sys.c:408:19:MBMUXIF_SystemSendCm0plusInfoListReq	16	static
../MbMux/mbmuxif_sys.c:434:20:MBMUXIF_SystemGetFeatCapabInfoPtr	32	static
../MbMux/mbmuxif_sys.c:474:8:MBMUXIF_SystemSendCm0plusRegistrationCmd	32	static
../MbMux/mbmuxif_sys.c:508:13:MBMUXIF_IsrSystemRespRcvCb	16	static
../MbMux/mbmuxif_sys.c:525:13:MBMUXIF_IsrSystemNotifRcvCb	16	static
../MbMux/mbmuxif_sys.c:537:13:MBMUXIF_TaskSystemNotifRcv	8	static
../MbMux/mbmuxif_sys.c:548:13:MBMUXIF_IsrSystemPrioARespRcvCb	16	static
../MbMux/mbmuxif_sys.c:555:13:MBMUXIF_IsrSystemPrioANotifRcvCb	16	static
../MbMux/mbmuxif_sys.c:568:13:MBMUXIF_IsrSystemPrioBRespRcvCb	16	static
../MbMux/mbmuxif_sys.c:575:13:MBMUXIF_IsrSystemPrioBNotifRcvCb	16	static
